Archive member included because of file (symbol)

/cygdrive/c/gnuarm/bin/../lib/gcc/arm-elf/4.1.1/../../../../arm-elf/lib/interwork/libm.a(w_sqrt.o)
                              ads1247.o (sqrt)
/cygdrive/c/gnuarm/bin/../lib/gcc/arm-elf/4.1.1/../../../../arm-elf/lib/interwork/libm.a(e_sqrt.o)
                              /cygdrive/c/gnuarm/bin/../lib/gcc/arm-elf/4.1.1/../../../../arm-elf/lib/interwork/libm.a(w_sqrt.o) (__ieee754_sqrt)
/cygdrive/c/gnuarm/bin/../lib/gcc/arm-elf/4.1.1/../../../../arm-elf/lib/interwork/libm.a(s_isnan.o)
                              /cygdrive/c/gnuarm/bin/../lib/gcc/arm-elf/4.1.1/../../../../arm-elf/lib/interwork/libm.a(w_sqrt.o) (isnan)
/cygdrive/c/gnuarm/bin/../lib/gcc/arm-elf/4.1.1/../../../../arm-elf/lib/interwork/libm.a(s_lib_ver.o)
                              /cygdrive/c/gnuarm/bin/../lib/gcc/arm-elf/4.1.1/../../../../arm-elf/lib/interwork/libm.a(w_sqrt.o) (__fdlib_version)
/cygdrive/c/gnuarm/bin/../lib/gcc/arm-elf/4.1.1/../../../../arm-elf/lib/interwork/libm.a(s_matherr.o)
                              /cygdrive/c/gnuarm/bin/../lib/gcc/arm-elf/4.1.1/../../../../arm-elf/lib/interwork/libm.a(w_sqrt.o) (matherr)
/cygdrive/c/gnuarm/bin/../lib/gcc/arm-elf/4.1.1/interwork/libgcc.a(_udivsi3.o)
                              mbrtu.o (__udivsi3)
/cygdrive/c/gnuarm/bin/../lib/gcc/arm-elf/4.1.1/interwork/libgcc.a(_dvmd_tls.o)
                              /cygdrive/c/gnuarm/bin/../lib/gcc/arm-elf/4.1.1/interwork/libgcc.a(_udivsi3.o) (__div0)
/cygdrive/c/gnuarm/bin/../lib/gcc/arm-elf/4.1.1/interwork/libgcc.a(_addsubdf3.o)
                              ads1247.o (__subdf3)
/cygdrive/c/gnuarm/bin/../lib/gcc/arm-elf/4.1.1/interwork/libgcc.a(_muldivdf3.o)
                              ads1247.o (__muldf3)
/cygdrive/c/gnuarm/bin/../lib/gcc/arm-elf/4.1.1/interwork/libgcc.a(_cmpdf2.o)
                              /cygdrive/c/gnuarm/bin/../lib/gcc/arm-elf/4.1.1/../../../../arm-elf/lib/interwork/libm.a(w_sqrt.o) (__ltdf2)
/cygdrive/c/gnuarm/bin/../lib/gcc/arm-elf/4.1.1/interwork/libgcc.a(_fixdfsi.o)
                              ads1247.o (__fixdfsi)
/cygdrive/c/gnuarm/bin/../lib/gcc/arm-elf/4.1.1/interwork/libgcc.a(_fixunsdfsi.o)
                              ad5422.o (__fixunsdfsi)
/cygdrive/c/gnuarm/bin/../lib/gcc/arm-elf/4.1.1/interwork/libgcc.a(_truncdfsf2.o)
                              ad5422.o (__truncdfsf2)
/cygdrive/c/gnuarm/bin/../lib/gcc/arm-elf/4.1.1/interwork/libgcc.a(_addsubsf3.o)
                              ad5422.o (__floatsisf)
/cygdrive/c/gnuarm/bin/../lib/gcc/arm-elf/4.1.1/interwork/libgcc.a(_muldivsf3.o)
                              ad5422.o (__mulsf3)
/cygdrive/c/gnuarm/bin/../lib/gcc/arm-elf/4.1.1/interwork/libgcc.a(_cmpsf2.o)
                              ad5422.o (__lesf2)
/cygdrive/c/gnuarm/bin/../lib/gcc/arm-elf/4.1.1/../../../../arm-elf/lib/interwork/libc.a(errno.o)
                              /cygdrive/c/gnuarm/bin/../lib/gcc/arm-elf/4.1.1/../../../../arm-elf/lib/interwork/libm.a(w_sqrt.o) (__errno)
/cygdrive/c/gnuarm/bin/../lib/gcc/arm-elf/4.1.1/../../../../arm-elf/lib/interwork/libc.a(impure.o)
                              /cygdrive/c/gnuarm/bin/../lib/gcc/arm-elf/4.1.1/../../../../arm-elf/lib/interwork/libc.a(errno.o) (_impure_ptr)
/cygdrive/c/gnuarm/bin/../lib/gcc/arm-elf/4.1.1/../../../../arm-elf/lib/interwork/libc.a(memcpy.o)
                              flash_nvol.o (memcpy)

Allocating common symbols
Common symbol       size              file

pxMBFrameCBTransmitterEmpty
                    0x4               mb.o
pxMBPortCBTimerExpired
                    0x4               mb.o
ucRTUBuf            0x100             mbrtu.o
pxMBFrameCBByteReceived
                    0x4               mb.o
pxMBFrameCBTransmitFSMCur
                    0x4               mb.o
pxMBFrameCBReceiveFSMCur
                    0x4               mb.o
usRegInputBuf       0x64              main.o
ch                  0x40              main.o
VIC_Temp            0x4               port.o

Memory Configuration

Name             Origin             Length             Attributes
CODE             0x00000000         0x00020000         xr
DATA             0x40000000         0x00010000         rw
IAP6             0x00006000         0x00001000         rw
IAP7             0x00007000         0x00001000         rw
*default*        0x00000000         0xffffffff

Linker script and memory map

LOAD ads1247.o
LOAD main.o
LOAD startup.o
LOAD ad5422.o
LOAD mb.o
LOAD mbcrc.o
LOAD mbfuncholding.o
LOAD mbrtu.o
LOAD port.o
LOAD portevent.o
LOAD portserial.o
LOAD porttimer.o
LOAD mbutils.o
LOAD ds18b20.o
LOAD armint.o
LOAD flash_nvol.o
LOAD rtc.o
LOAD /cygdrive/c/gnuarm/bin/../lib/gcc/arm-elf/4.1.1/../../../../arm-elf/lib/interwork/libm.a
START GROUP
LOAD /cygdrive/c/gnuarm/bin/../lib/gcc/arm-elf/4.1.1/interwork/libgcc.a
LOAD /cygdrive/c/gnuarm/bin/../lib/gcc/arm-elf/4.1.1/../../../../arm-elf/lib/interwork/libc.a
END GROUP

.text           0x00000000     0x57d8
 *startup.o(.text)
 .text          0x00000000      0x160 startup.o
                0x00000000                _startup
 *(.text)
 .text          0x00000160      0xc68 ads1247.o
                0x00000198                ads1247_init
                0x000003e8                Thermocouple
                0x0000026c                ads1247_BurnoutCurrentSense
                0x000009c8                PT100
                0x000008f4                offset
 .text          0x00000dc8      0x868 main.o
                0x00000dd8                eMBRegDiscreteCB
                0x00001014                main
                0x00000dc8                eMBRegInputCB
                0x00000de0                eMBRegHoldingCB
                0x00000dd0                eMBRegCoilsCB
 .text          0x00001630      0x374 ad5422.o
                0x00001668                AD5422_init
                0x000017d4                AD5422_SetOutputVorI
 .text          0x000019a4      0x4b4 mb.o
                0x00001a48                eMBDisable
                0x000019a4                eMBClose
                0x00001aa4                eMBPoll
                0x000019f4                eMBEnable
                0x00001c6c                eMBRegisterCB
                0x00001d40                eMBInit
 .text          0x00001e58       0x60 mbcrc.o
                0x00001e58                usMBCRC16
 .text          0x00001eb8      0x1b0 mbfuncholding.o
                0x00001eb8                eMBFuncReadHoldingRegister
                0x00002010                eMBFuncWriteHoldingRegister
                0x00001f74                eMBFuncWriteMultipleHoldingRegister
 .text          0x00002068      0x4b4 mbrtu.o
                0x00002460                eMBRTUStart
                0x0000249c                eMBRTUInit
                0x000020d4                xMBRTUTransmitFSM
                0x0000219c                xMBRTUReceiveFSM
                0x00002298                eMBRTUSend
                0x00002068                xMBRTUTimerT35Expired
                0x0000239c                eMBRTUReceive
                0x00002430                eMBRTUStop
 .text          0x0000251c       0x34 port.o
                0x0000251c                EnterCriticalSection
                0x00002538                ExitCriticalSection
 .text          0x00002550       0x78 portevent.o
                0x00002550                xMBPortEventInit
                0x0000258c                xMBPortEventGet
                0x00002568                xMBPortEventPost
 .text          0x000025c8      0x380 portserial.o
                0x000025c8                vMBPortClose
                0x00002798                vMBPortSerialEnable
                0x00002748                xMBPortSerialGetByte
                0x000025cc                xMBPortSerialInit
                0x0000271c                xMBPortSerialPutByte
 .text          0x00002948       0xe4 porttimer.o
                0x00002948                xMBPortTimersInit
                0x000029cc                vMBPortTimersDisable
                0x000029b0                vMBPortTimersEnable
 .text          0x00002a2c       0xe8 mbutils.o
                0x00002aa0                xMBUtilGetBits
                0x00002a2c                xMBUtilSetBits
                0x00002aec                prveMBError2Exception
 .text          0x00002b14      0x4b8 ds18b20.o
                0x00002c40                onewire_write
                0x00002e00                ds1820_read
                0x00002b14                output_low
                0x00002d20                onewire_read
                0x00002b48                delay_us
                0x00002b94                delay_ms
                0x00002b34                Timer_W8
                0x00002bdc                onewire_reset
 .text          0x00002fcc       0x78 armint.o
                0x00002ffc                restore_fiq
                0x00002fcc                enable_irq
                0x00002fdc                enable_fiq
                0x00003028                restore_irq
                0x00002fec                disable_fiq
                0x00003018                disable_irq
 .text          0x00003044      0xf08 flash_nvol.o
                0x00003324                NVOL_SetVariableRecord
                0x0000322c                NVOL_GetVariable
                0x00003988                NVOL_Init
                0x000037ac                NVOL_SetVariable
 .text          0x00003f4c       0xfc rtc.o
                0x00003f4c                rtc_init
                0x00003f90                rtc_isr
 .text          0x00004048      0x120 /cygdrive/c/gnuarm/bin/../lib/gcc/arm-elf/4.1.1/../../../../arm-elf/lib/interwork/libm.a(w_sqrt.o)
                0x00004048                sqrt
 .text          0x00004168      0x264 /cygdrive/c/gnuarm/bin/../lib/gcc/arm-elf/4.1.1/../../../../arm-elf/lib/interwork/libm.a(e_sqrt.o)
                0x00004168                __ieee754_sqrt
 .text          0x000043cc       0x30 /cygdrive/c/gnuarm/bin/../lib/gcc/arm-elf/4.1.1/../../../../arm-elf/lib/interwork/libm.a(s_isnan.o)
                0x000043cc                isnan
 .text          0x000043fc        0x0 /cygdrive/c/gnuarm/bin/../lib/gcc/arm-elf/4.1.1/../../../../arm-elf/lib/interwork/libm.a(s_lib_ver.o)
 .text          0x000043fc        0x8 /cygdrive/c/gnuarm/bin/../lib/gcc/arm-elf/4.1.1/../../../../arm-elf/lib/interwork/libm.a(s_matherr.o)
                0x000043fc                matherr
 .text          0x00004404      0x114 /cygdrive/c/gnuarm/bin/../lib/gcc/arm-elf/4.1.1/interwork/libgcc.a(_udivsi3.o)
                0x00004404                __udivsi3
                0x00004404                __aeabi_uidiv
                0x00004500                __aeabi_uidivmod
 .text          0x00004518        0x4 /cygdrive/c/gnuarm/bin/../lib/gcc/arm-elf/4.1.1/interwork/libgcc.a(_dvmd_tls.o)
                0x00004518                __aeabi_ldiv0
                0x00004518                __div0
                0x00004518                __aeabi_idiv0
 .text          0x0000451c      0x430 /cygdrive/c/gnuarm/bin/../lib/gcc/arm-elf/4.1.1/interwork/libgcc.a(_addsubdf3.o)
                0x000048e0                __floatdidf
                0x00004860                __floatsidf
                0x00004838                __aeabi_ui2d
                0x0000451c                __aeabi_drsub
                0x0000488c                __extendsfdf2
                0x00004528                __adddf3
                0x00004838                __floatunsidf
                0x00004528                __aeabi_dadd
                0x000048cc                __aeabi_ul2d
                0x00004524                __aeabi_dsub
                0x000048cc                __floatundidf
                0x00004860                __aeabi_i2d
                0x000048e0                __aeabi_l2d
                0x0000488c                __aeabi_f2d
                0x00004524                __subdf3
 .text          0x0000494c      0x49c /cygdrive/c/gnuarm/bin/../lib/gcc/arm-elf/4.1.1/interwork/libgcc.a(_muldivdf3.o)
                0x00004bdc                __aeabi_ddiv
                0x0000494c                __aeabi_dmul
                0x00004bdc                __divdf3
                0x0000494c                __muldf3
 .text          0x00004de8      0x140 /cygdrive/c/gnuarm/bin/../lib/gcc/arm-elf/4.1.1/interwork/libgcc.a(_cmpdf2.o)
                0x00004ee0                __aeabi_dcmple
                0x00004df8                __cmpdf2
                0x00004df8                __eqdf2
                0x00004de8                __gtdf2
                0x00004e98                __aeabi_cdcmple
                0x00004e7c                __aeabi_cdrcmple
                0x00004df0                __ltdf2
                0x00004ec8                __aeabi_dcmplt
                0x00004df0                __ledf2
                0x00004f10                __aeabi_dcmpgt
                0x00004ef8                __aeabi_dcmpge
                0x00004df8                __nedf2
                0x00004eb0                __aeabi_dcmpeq
                0x00004e98                __aeabi_cdcmpeq
                0x00004de8                __gedf2
 .text          0x00004f28       0x5c /cygdrive/c/gnuarm/bin/../lib/gcc/arm-elf/4.1.1/interwork/libgcc.a(_fixdfsi.o)
                0x00004f28                __fixdfsi
                0x00004f28                __aeabi_d2iz
 .text          0x00004f84       0x54 /cygdrive/c/gnuarm/bin/../lib/gcc/arm-elf/4.1.1/interwork/libgcc.a(_fixunsdfsi.o)
                0x00004f84                __fixunsdfsi
                0x00004f84                __aeabi_d2uiz
 .text          0x00004fd8       0xa0 /cygdrive/c/gnuarm/bin/../lib/gcc/arm-elf/4.1.1/interwork/libgcc.a(_truncdfsf2.o)
                0x00004fd8                __aeabi_d2f
                0x00004fd8                __truncdfsf2
 .text          0x00005078      0x2ac /cygdrive/c/gnuarm/bin/../lib/gcc/arm-elf/4.1.1/interwork/libgcc.a(_addsubsf3.o)
                0x00005084                __aeabi_fadd
                0x00005080                __subsf3
                0x00005248                __aeabi_i2f
                0x00005080                __aeabi_fsub
                0x00005278                __floatdisf
                0x00005248                __floatsisf
                0x00005268                __floatundisf
                0x00005240                __aeabi_ui2f
                0x00005278                __aeabi_l2f
                0x00005268                __aeabi_ul2f
                0x00005078                __aeabi_frsub
                0x00005240                __floatunsisf
                0x00005084                __addsf3
 .text          0x00005324      0x2f8 /cygdrive/c/gnuarm/bin/../lib/gcc/arm-elf/4.1.1/interwork/libgcc.a(_muldivsf3.o)
                0x000054bc                __divsf3
                0x000054bc                __aeabi_fdiv
                0x00005324                __mulsf3
                0x00005324                __aeabi_fmul
 .text          0x0000561c      0x110 /cygdrive/c/gnuarm/bin/../lib/gcc/arm-elf/4.1.1/interwork/libgcc.a(_cmpsf2.o)
                0x00005714                __aeabi_fcmpgt
                0x00005624                __lesf2
                0x0000562c                __nesf2
                0x000056fc                __aeabi_fcmpge
                0x0000561c                __gtsf2
                0x000056e4                __aeabi_fcmple
                0x0000562c                __eqsf2
                0x0000562c                __cmpsf2
                0x00005624                __ltsf2
                0x0000569c                __aeabi_cfcmple
                0x0000561c                __gesf2
                0x000056b4                __aeabi_fcmpeq
                0x0000568c                __aeabi_cfrcmple
                0x000056cc                __aeabi_fcmplt
                0x0000569c                __aeabi_cfcmpeq
 .text          0x0000572c       0x10 /cygdrive/c/gnuarm/bin/../lib/gcc/arm-elf/4.1.1/../../../../arm-elf/lib/interwork/libc.a(errno.o)
                0x0000572c                __errno
 .text          0x0000573c        0x0 /cygdrive/c/gnuarm/bin/../lib/gcc/arm-elf/4.1.1/../../../../arm-elf/lib/interwork/libc.a(impure.o)
 .text          0x0000573c       0x9c /cygdrive/c/gnuarm/bin/../lib/gcc/arm-elf/4.1.1/../../../../arm-elf/lib/interwork/libc.a(memcpy.o)
                0x0000573c                memcpy
 *(.glue_7t)
 .glue_7t       0x000057d8        0x0 ads1247.o
 .glue_7t       0x000057d8        0x0 main.o
 .glue_7t       0x000057d8        0x0 startup.o
 .glue_7t       0x000057d8        0x0 ad5422.o
 .glue_7t       0x000057d8        0x0 mb.o
 .glue_7t       0x000057d8        0x0 mbcrc.o
 .glue_7t       0x000057d8        0x0 mbfuncholding.o
 .glue_7t       0x000057d8        0x0 mbrtu.o
 .glue_7t       0x000057d8        0x0 port.o
 .glue_7t       0x000057d8        0x0 portevent.o
 .glue_7t       0x000057d8        0x0 portserial.o
 .glue_7t       0x000057d8        0x0 porttimer.o
 .glue_7t       0x000057d8        0x0 mbutils.o
 .glue_7t       0x000057d8        0x0 ds18b20.o
 .glue_7t       0x000057d8        0x0 armint.o
 .glue_7t       0x000057d8        0x0 flash_nvol.o
 .glue_7t       0x000057d8        0x0 rtc.o
 .glue_7t       0x000057d8        0x0 /cygdrive/c/gnuarm/bin/../lib/gcc/arm-elf/4.1.1/../../../../arm-elf/lib/interwork/libm.a(w_sqrt.o)
 .glue_7t       0x000057d8        0x0 /cygdrive/c/gnuarm/bin/../lib/gcc/arm-elf/4.1.1/../../../../arm-elf/lib/interwork/libm.a(e_sqrt.o)
 .glue_7t       0x000057d8        0x0 /cygdrive/c/gnuarm/bin/../lib/gcc/arm-elf/4.1.1/../../../../arm-elf/lib/interwork/libm.a(s_isnan.o)
 .glue_7t       0x000057d8        0x0 /cygdrive/c/gnuarm/bin/../lib/gcc/arm-elf/4.1.1/../../../../arm-elf/lib/interwork/libm.a(s_lib_ver.o)
 .glue_7t       0x000057d8        0x0 /cygdrive/c/gnuarm/bin/../lib/gcc/arm-elf/4.1.1/../../../../arm-elf/lib/interwork/libm.a(s_matherr.o)
 .glue_7t       0x000057d8        0x0 /cygdrive/c/gnuarm/bin/../lib/gcc/arm-elf/4.1.1/interwork/libgcc.a(_udivsi3.o)
 .glue_7t       0x000057d8        0x0 /cygdrive/c/gnuarm/bin/../lib/gcc/arm-elf/4.1.1/interwork/libgcc.a(_dvmd_tls.o)
 .glue_7t       0x000057d8        0x0 /cygdrive/c/gnuarm/bin/../lib/gcc/arm-elf/4.1.1/interwork/libgcc.a(_addsubdf3.o)
 .glue_7t       0x000057d8        0x0 /cygdrive/c/gnuarm/bin/../lib/gcc/arm-elf/4.1.1/interwork/libgcc.a(_muldivdf3.o)
 .glue_7t       0x000057d8        0x0 /cygdrive/c/gnuarm/bin/../lib/gcc/arm-elf/4.1.1/interwork/libgcc.a(_cmpdf2.o)
 .glue_7t       0x000057d8        0x0 /cygdrive/c/gnuarm/bin/../lib/gcc/arm-elf/4.1.1/interwork/libgcc.a(_fixdfsi.o)
 .glue_7t       0x000057d8        0x0 /cygdrive/c/gnuarm/bin/../lib/gcc/arm-elf/4.1.1/interwork/libgcc.a(_fixunsdfsi.o)
 .glue_7t       0x000057d8        0x0 /cygdrive/c/gnuarm/bin/../lib/gcc/arm-elf/4.1.1/interwork/libgcc.a(_truncdfsf2.o)
 .glue_7t       0x000057d8        0x0 /cygdrive/c/gnuarm/bin/../lib/gcc/arm-elf/4.1.1/interwork/libgcc.a(_addsubsf3.o)
 .glue_7t       0x000057d8        0x0 /cygdrive/c/gnuarm/bin/../lib/gcc/arm-elf/4.1.1/interwork/libgcc.a(_muldivsf3.o)
 .glue_7t       0x000057d8        0x0 /cygdrive/c/gnuarm/bin/../lib/gcc/arm-elf/4.1.1/interwork/libgcc.a(_cmpsf2.o)
 .glue_7t       0x000057d8        0x0 /cygdrive/c/gnuarm/bin/../lib/gcc/arm-elf/4.1.1/../../../../arm-elf/lib/interwork/libc.a(errno.o)
 .glue_7t       0x000057d8        0x0 /cygdrive/c/gnuarm/bin/../lib/gcc/arm-elf/4.1.1/../../../../arm-elf/lib/interwork/libc.a(impure.o)
 .glue_7t       0x000057d8        0x0 /cygdrive/c/gnuarm/bin/../lib/gcc/arm-elf/4.1.1/../../../../arm-elf/lib/interwork/libc.a(memcpy.o)
 *(.glue_7)
 .glue_7        0x000057d8        0x0 ads1247.o
 .glue_7        0x000057d8        0x0 main.o
 .glue_7        0x000057d8        0x0 startup.o
 .glue_7        0x000057d8        0x0 ad5422.o
 .glue_7        0x000057d8        0x0 mb.o
 .glue_7        0x000057d8        0x0 mbcrc.o
 .glue_7        0x000057d8        0x0 mbfuncholding.o
 .glue_7        0x000057d8        0x0 mbrtu.o
 .glue_7        0x000057d8        0x0 port.o
 .glue_7        0x000057d8        0x0 portevent.o
 .glue_7        0x000057d8        0x0 portserial.o
 .glue_7        0x000057d8        0x0 porttimer.o
 .glue_7        0x000057d8        0x0 mbutils.o
 .glue_7        0x000057d8        0x0 ds18b20.o
 .glue_7        0x000057d8        0x0 armint.o
 .glue_7        0x000057d8        0x0 flash_nvol.o
 .glue_7        0x000057d8        0x0 rtc.o
 .glue_7        0x000057d8        0x0 /cygdrive/c/gnuarm/bin/../lib/gcc/arm-elf/4.1.1/../../../../arm-elf/lib/interwork/libm.a(w_sqrt.o)
 .glue_7        0x000057d8        0x0 /cygdrive/c/gnuarm/bin/../lib/gcc/arm-elf/4.1.1/../../../../arm-elf/lib/interwork/libm.a(e_sqrt.o)
 .glue_7        0x000057d8        0x0 /cygdrive/c/gnuarm/bin/../lib/gcc/arm-elf/4.1.1/../../../../arm-elf/lib/interwork/libm.a(s_isnan.o)
 .glue_7        0x000057d8        0x0 /cygdrive/c/gnuarm/bin/../lib/gcc/arm-elf/4.1.1/../../../../arm-elf/lib/interwork/libm.a(s_lib_ver.o)
 .glue_7        0x000057d8        0x0 /cygdrive/c/gnuarm/bin/../lib/gcc/arm-elf/4.1.1/../../../../arm-elf/lib/interwork/libm.a(s_matherr.o)
 .glue_7        0x000057d8        0x0 /cygdrive/c/gnuarm/bin/../lib/gcc/arm-elf/4.1.1/interwork/libgcc.a(_udivsi3.o)
 .glue_7        0x000057d8        0x0 /cygdrive/c/gnuarm/bin/../lib/gcc/arm-elf/4.1.1/interwork/libgcc.a(_dvmd_tls.o)
 .glue_7        0x000057d8        0x0 /cygdrive/c/gnuarm/bin/../lib/gcc/arm-elf/4.1.1/interwork/libgcc.a(_addsubdf3.o)
 .glue_7        0x000057d8        0x0 /cygdrive/c/gnuarm/bin/../lib/gcc/arm-elf/4.1.1/interwork/libgcc.a(_muldivdf3.o)
 .glue_7        0x000057d8        0x0 /cygdrive/c/gnuarm/bin/../lib/gcc/arm-elf/4.1.1/interwork/libgcc.a(_cmpdf2.o)
 .glue_7        0x000057d8        0x0 /cygdrive/c/gnuarm/bin/../lib/gcc/arm-elf/4.1.1/interwork/libgcc.a(_fixdfsi.o)
 .glue_7        0x000057d8        0x0 /cygdrive/c/gnuarm/bin/../lib/gcc/arm-elf/4.1.1/interwork/libgcc.a(_fixunsdfsi.o)
 .glue_7        0x000057d8        0x0 /cygdrive/c/gnuarm/bin/../lib/gcc/arm-elf/4.1.1/interwork/libgcc.a(_truncdfsf2.o)
 .glue_7        0x000057d8        0x0 /cygdrive/c/gnuarm/bin/../lib/gcc/arm-elf/4.1.1/interwork/libgcc.a(_addsubsf3.o)
 .glue_7        0x000057d8        0x0 /cygdrive/c/gnuarm/bin/../lib/gcc/arm-elf/4.1.1/interwork/libgcc.a(_muldivsf3.o)
 .glue_7        0x000057d8        0x0 /cygdrive/c/gnuarm/bin/../lib/gcc/arm-elf/4.1.1/interwork/libgcc.a(_cmpsf2.o)
 .glue_7        0x000057d8        0x0 /cygdrive/c/gnuarm/bin/../lib/gcc/arm-elf/4.1.1/../../../../arm-elf/lib/interwork/libc.a(errno.o)
 .glue_7        0x000057d8        0x0 /cygdrive/c/gnuarm/bin/../lib/gcc/arm-elf/4.1.1/../../../../arm-elf/lib/interwork/libc.a(impure.o)
 .glue_7        0x000057d8        0x0 /cygdrive/c/gnuarm/bin/../lib/gcc/arm-elf/4.1.1/../../../../arm-elf/lib/interwork/libc.a(memcpy.o)
                0x000057d8                . = ALIGN (0x4)

.rodata         0x000057d8      0x274
 *(.rodata)
 .rodata        0x000057d8       0x68 ads1247.o
                0x000057e0                Z2
                0x000057f0                Z4
                0x00005810                A3
                0x000057f8                A0
                0x00005838                A8
                0x00005820                A5
                0x00005818                A4
                0x00005830                A7
                0x00005808                A2
                0x000057e8                Z3
                0x000057d8                Z1
                0x00005800                A1
                0x00005828                A6
 .rodata        0x00005840      0x200 mbcrc.o
 .rodata        0x00005a40        0x4 flash_nvol.o
 .rodata        0x00005a44        0x4 /cygdrive/c/gnuarm/bin/../lib/gcc/arm-elf/4.1.1/../../../../arm-elf/lib/interwork/libm.a(s_lib_ver.o)
                0x00005a44                __fdlib_version
 .rodata        0x00005a48        0x4 /cygdrive/c/gnuarm/bin/../lib/gcc/arm-elf/4.1.1/../../../../arm-elf/lib/interwork/libc.a(impure.o)
                0x00005a48                _global_impure_ptr

.rodata.str1.4  0x00005a4c        0xc
 .rodata.str1.4
                0x00005a4c        0x5 /cygdrive/c/gnuarm/bin/../lib/gcc/arm-elf/4.1.1/../../../../arm-elf/lib/interwork/libm.a(w_sqrt.o)
                                  0x8 (size before relaxing)
 *fill*         0x00005a51        0x3 00
 .rodata.str1.4
                0x00005a54        0x4 /cygdrive/c/gnuarm/bin/../lib/gcc/arm-elf/4.1.1/../../../../arm-elf/lib/interwork/libc.a(impure.o)
                0x00005a58                . = ALIGN (0x4)
                0x00005a58                _etext = .
                0x00005a58                PROVIDE (etext, .)

.iap_section6   0x00006000     0x1000
 *(.sec6)
 .sec6          0x00006000     0x1000 flash_nvol.o

.iap_section7   0x00007000     0x1000
 *(.sec7)
 .sec7          0x00007000     0x1000 flash_nvol.o

.data           0x40000000      0x4a0 load address 0x00005a58
                0x40000000                _data = .
 *(.data)
 .data          0x40000000        0x0 ads1247.o
 .data          0x40000000        0x2 main.o
                0x40000000                usRegInputStart
 .data          0x40000002        0x0 startup.o
 .data          0x40000002        0x0 ad5422.o
 *fill*         0x40000002        0x2 00
 .data          0x40000004       0x84 mb.o
 .data          0x40000088        0x0 mbcrc.o
 .data          0x40000088        0x0 mbfuncholding.o
 .data          0x40000088        0x0 mbrtu.o
 .data          0x40000088        0x0 port.o
 .data          0x40000088        0x0 portevent.o
 .data          0x40000088        0x0 portserial.o
 .data          0x40000088        0x0 porttimer.o
 .data          0x40000088        0x0 mbutils.o
 .data          0x40000088        0x4 ds18b20.o
 .data          0x4000008c        0x0 armint.o
 .data          0x4000008c       0x10 flash_nvol.o
 .data          0x4000009c        0x0 rtc.o
 .data          0x4000009c        0x0 /cygdrive/c/gnuarm/bin/../lib/gcc/arm-elf/4.1.1/../../../../arm-elf/lib/interwork/libm.a(w_sqrt.o)
 .data          0x4000009c        0x0 /cygdrive/c/gnuarm/bin/../lib/gcc/arm-elf/4.1.1/../../../../arm-elf/lib/interwork/libm.a(e_sqrt.o)
 .data          0x4000009c        0x0 /cygdrive/c/gnuarm/bin/../lib/gcc/arm-elf/4.1.1/../../../../arm-elf/lib/interwork/libm.a(s_isnan.o)
 .data          0x4000009c        0x0 /cygdrive/c/gnuarm/bin/../lib/gcc/arm-elf/4.1.1/../../../../arm-elf/lib/interwork/libm.a(s_lib_ver.o)
 .data          0x4000009c        0x0 /cygdrive/c/gnuarm/bin/../lib/gcc/arm-elf/4.1.1/../../../../arm-elf/lib/interwork/libm.a(s_matherr.o)
 .data          0x4000009c        0x0 /cygdrive/c/gnuarm/bin/../lib/gcc/arm-elf/4.1.1/interwork/libgcc.a(_udivsi3.o)
 .data          0x4000009c        0x0 /cygdrive/c/gnuarm/bin/../lib/gcc/arm-elf/4.1.1/interwork/libgcc.a(_dvmd_tls.o)
 .data          0x4000009c        0x0 /cygdrive/c/gnuarm/bin/../lib/gcc/arm-elf/4.1.1/interwork/libgcc.a(_addsubdf3.o)
 .data          0x4000009c        0x0 /cygdrive/c/gnuarm/bin/../lib/gcc/arm-elf/4.1.1/interwork/libgcc.a(_muldivdf3.o)
 .data          0x4000009c        0x0 /cygdrive/c/gnuarm/bin/../lib/gcc/arm-elf/4.1.1/interwork/libgcc.a(_cmpdf2.o)
 .data          0x4000009c        0x0 /cygdrive/c/gnuarm/bin/../lib/gcc/arm-elf/4.1.1/interwork/libgcc.a(_fixdfsi.o)
 .data          0x4000009c        0x0 /cygdrive/c/gnuarm/bin/../lib/gcc/arm-elf/4.1.1/interwork/libgcc.a(_fixunsdfsi.o)
 .data          0x4000009c        0x0 /cygdrive/c/gnuarm/bin/../lib/gcc/arm-elf/4.1.1/interwork/libgcc.a(_truncdfsf2.o)
 .data          0x4000009c        0x0 /cygdrive/c/gnuarm/bin/../lib/gcc/arm-elf/4.1.1/interwork/libgcc.a(_addsubsf3.o)
 .data          0x4000009c        0x0 /cygdrive/c/gnuarm/bin/../lib/gcc/arm-elf/4.1.1/interwork/libgcc.a(_muldivsf3.o)
 .data          0x4000009c        0x0 /cygdrive/c/gnuarm/bin/../lib/gcc/arm-elf/4.1.1/interwork/libgcc.a(_cmpsf2.o)
 .data          0x4000009c        0x0 /cygdrive/c/gnuarm/bin/../lib/gcc/arm-elf/4.1.1/../../../../arm-elf/lib/interwork/libc.a(errno.o)
 .data          0x4000009c      0x404 /cygdrive/c/gnuarm/bin/../lib/gcc/arm-elf/4.1.1/../../../../arm-elf/lib/interwork/libc.a(impure.o)
                0x4000009c                _impure_ptr
 .data          0x400004a0        0x0 /cygdrive/c/gnuarm/bin/../lib/gcc/arm-elf/4.1.1/../../../../arm-elf/lib/interwork/libc.a(memcpy.o)
                0x400004a0                . = ALIGN (0x4)
                0x400004a0                _edata = .
                0x400004a0                PROVIDE (edata, .)

.bss            0x400004a0      0x52c
                0x400004a0                __bss_start = .
                0x400004a0                __bss_start__ = .
 *(.bss)
 .bss           0x400004a0        0x0 ads1247.o
 .bss           0x400004a0        0x0 main.o
 .bss           0x400004a0        0x0 startup.o
 .bss           0x400004a0        0x0 ad5422.o
 .bss           0x400004a0       0x24 mb.o
 .bss           0x400004c4        0x0 mbcrc.o
 .bss           0x400004c4        0x0 mbfuncholding.o
 .bss           0x400004c4       0x10 mbrtu.o
 .bss           0x400004d4        0x0 port.o
 .bss           0x400004d4        0x8 portevent.o
 .bss           0x400004dc        0x0 portserial.o
 .bss           0x400004dc        0x0 porttimer.o
 .bss           0x400004dc        0x0 mbutils.o
 .bss           0x400004dc        0x8 ds18b20.o
 .bss           0x400004e4        0x0 armint.o
 .bss           0x400004e4      0x32c flash_nvol.o
 .bss           0x40000810        0x0 rtc.o
 .bss           0x40000810        0x0 /cygdrive/c/gnuarm/bin/../lib/gcc/arm-elf/4.1.1/../../../../arm-elf/lib/interwork/libm.a(w_sqrt.o)
 .bss           0x40000810        0x0 /cygdrive/c/gnuarm/bin/../lib/gcc/arm-elf/4.1.1/../../../../arm-elf/lib/interwork/libm.a(e_sqrt.o)
 .bss           0x40000810        0x0 /cygdrive/c/gnuarm/bin/../lib/gcc/arm-elf/4.1.1/../../../../arm-elf/lib/interwork/libm.a(s_isnan.o)
 .bss           0x40000810        0x0 /cygdrive/c/gnuarm/bin/../lib/gcc/arm-elf/4.1.1/../../../../arm-elf/lib/interwork/libm.a(s_lib_ver.o)
 .bss           0x40000810        0x0 /cygdrive/c/gnuarm/bin/../lib/gcc/arm-elf/4.1.1/../../../../arm-elf/lib/interwork/libm.a(s_matherr.o)
 .bss           0x40000810        0x0 /cygdrive/c/gnuarm/bin/../lib/gcc/arm-elf/4.1.1/interwork/libgcc.a(_udivsi3.o)
 .bss           0x40000810        0x0 /cygdrive/c/gnuarm/bin/../lib/gcc/arm-elf/4.1.1/interwork/libgcc.a(_dvmd_tls.o)
 .bss           0x40000810        0x0 /cygdrive/c/gnuarm/bin/../lib/gcc/arm-elf/4.1.1/interwork/libgcc.a(_addsubdf3.o)
 .bss           0x40000810        0x0 /cygdrive/c/gnuarm/bin/../lib/gcc/arm-elf/4.1.1/interwork/libgcc.a(_muldivdf3.o)
 .bss           0x40000810        0x0 /cygdrive/c/gnuarm/bin/../lib/gcc/arm-elf/4.1.1/interwork/libgcc.a(_cmpdf2.o)
 .bss           0x40000810        0x0 /cygdrive/c/gnuarm/bin/../lib/gcc/arm-elf/4.1.1/interwork/libgcc.a(_fixdfsi.o)
 .bss           0x40000810        0x0 /cygdrive/c/gnuarm/bin/../lib/gcc/arm-elf/4.1.1/interwork/libgcc.a(_fixunsdfsi.o)
 .bss           0x40000810        0x0 /cygdrive/c/gnuarm/bin/../lib/gcc/arm-elf/4.1.1/interwork/libgcc.a(_truncdfsf2.o)
 .bss           0x40000810        0x0 /cygdrive/c/gnuarm/bin/../lib/gcc/arm-elf/4.1.1/interwork/libgcc.a(_addsubsf3.o)
 .bss           0x40000810        0x0 /cygdrive/c/gnuarm/bin/../lib/gcc/arm-elf/4.1.1/interwork/libgcc.a(_muldivsf3.o)
 .bss           0x40000810        0x0 /cygdrive/c/gnuarm/bin/../lib/gcc/arm-elf/4.1.1/interwork/libgcc.a(_cmpsf2.o)
 .bss           0x40000810        0x0 /cygdrive/c/gnuarm/bin/../lib/gcc/arm-elf/4.1.1/../../../../arm-elf/lib/interwork/libc.a(errno.o)
 .bss           0x40000810        0x0 /cygdrive/c/gnuarm/bin/../lib/gcc/arm-elf/4.1.1/../../../../arm-elf/lib/interwork/libc.a(impure.o)
 .bss           0x40000810        0x0 /cygdrive/c/gnuarm/bin/../lib/gcc/arm-elf/4.1.1/../../../../arm-elf/lib/interwork/libc.a(memcpy.o)
 *(COMMON)
 COMMON         0x40000810       0xa4 main.o
                0x40000810                usRegInputBuf
                0x40000874                ch
 COMMON         0x400008b4       0x14 mb.o
                0x400008b4                pxMBFrameCBTransmitterEmpty
                0x400008b8                pxMBPortCBTimerExpired
                0x400008bc                pxMBFrameCBByteReceived
                0x400008c0                pxMBFrameCBTransmitFSMCur
                0x400008c4                pxMBFrameCBReceiveFSMCur
 COMMON         0x400008c8      0x100 mbrtu.o
                0x400008c8                ucRTUBuf
 COMMON         0x400009c8        0x4 port.o
                0x400009c8                VIC_Temp
                0x400009cc                . = ALIGN (0x4)
                0x400009cc                __bss_end__ = .
                0x400009cc                __bss_end__ = .
                0x400009cc                _end = .
                0x400009cc                PROVIDE (end, .)

.stab
 *(.stab)

.stabstr
 *(.stabstr)

.stab.excl
 *(.stab.excl)

.stab.exclstr
 *(.stab.exclstr)

.stab.index
 *(.stab.index)

.stab.indexstr
 *(.stab.indexstr)

.comment        0x00000000      0x1b0
 *(.comment)
 .comment       0x00000000       0x12 ads1247.o
 .comment       0x00000012       0x12 main.o
 .comment       0x00000024       0x12 ad5422.o
 .comment       0x00000036       0x12 mb.o
 .comment       0x00000048       0x12 mbcrc.o
 .comment       0x0000005a       0x12 mbfuncholding.o
 .comment       0x0000006c       0x12 mbrtu.o
 .comment       0x0000007e       0x12 port.o
 .comment       0x00000090       0x12 portevent.o
 .comment       0x000000a2       0x12 portserial.o
 .comment       0x000000b4       0x12 porttimer.o
 .comment       0x000000c6       0x12 mbutils.o
 .comment       0x000000d8       0x12 ds18b20.o
 .comment       0x000000ea       0x12 armint.o
 .comment       0x000000fc       0x12 flash_nvol.o
 .comment       0x0000010e       0x12 rtc.o
 .comment       0x00000120       0x12 /cygdrive/c/gnuarm/bin/../lib/gcc/arm-elf/4.1.1/../../../../arm-elf/lib/interwork/libm.a(w_sqrt.o)
 .comment       0x00000132       0x12 /cygdrive/c/gnuarm/bin/../lib/gcc/arm-elf/4.1.1/../../../../arm-elf/lib/interwork/libm.a(e_sqrt.o)
 .comment       0x00000144       0x12 /cygdrive/c/gnuarm/bin/../lib/gcc/arm-elf/4.1.1/../../../../arm-elf/lib/interwork/libm.a(s_isnan.o)
 .comment       0x00000156       0x12 /cygdrive/c/gnuarm/bin/../lib/gcc/arm-elf/4.1.1/../../../../arm-elf/lib/interwork/libm.a(s_lib_ver.o)
 .comment       0x00000168       0x12 /cygdrive/c/gnuarm/bin/../lib/gcc/arm-elf/4.1.1/../../../../arm-elf/lib/interwork/libm.a(s_matherr.o)
 .comment       0x0000017a       0x12 /cygdrive/c/gnuarm/bin/../lib/gcc/arm-elf/4.1.1/../../../../arm-elf/lib/interwork/libc.a(errno.o)
 .comment       0x0000018c       0x12 /cygdrive/c/gnuarm/bin/../lib/gcc/arm-elf/4.1.1/../../../../arm-elf/lib/interwork/libc.a(impure.o)
 .comment       0x0000019e       0x12 /cygdrive/c/gnuarm/bin/../lib/gcc/arm-elf/4.1.1/../../../../arm-elf/lib/interwork/libc.a(memcpy.o)

.debug
 *(.debug)

.line
 *(.line)

.debug_srcinfo
 *(.debug_srcinfo)

.debug_sfnames
 *(.debug_sfnames)

.debug_aranges  0x00000000      0x220
 *(.debug_aranges)
 .debug_aranges
                0x00000000       0x20 /cygdrive/c/gnuarm/bin/../lib/gcc/arm-elf/4.1.1/../../../../arm-elf/lib/interwork/libm.a(w_sqrt.o)
 .debug_aranges
                0x00000020       0x20 /cygdrive/c/gnuarm/bin/../lib/gcc/arm-elf/4.1.1/../../../../arm-elf/lib/interwork/libm.a(e_sqrt.o)
 .debug_aranges
                0x00000040       0x20 /cygdrive/c/gnuarm/bin/../lib/gcc/arm-elf/4.1.1/../../../../arm-elf/lib/interwork/libm.a(s_isnan.o)
 .debug_aranges
                0x00000060       0x20 /cygdrive/c/gnuarm/bin/../lib/gcc/arm-elf/4.1.1/../../../../arm-elf/lib/interwork/libm.a(s_matherr.o)
 .debug_aranges
                0x00000080       0x20 /cygdrive/c/gnuarm/bin/../lib/gcc/arm-elf/4.1.1/interwork/libgcc.a(_udivsi3.o)
 .debug_aranges
                0x000000a0       0x20 /cygdrive/c/gnuarm/bin/../lib/gcc/arm-elf/4.1.1/interwork/libgcc.a(_dvmd_tls.o)
 .debug_aranges
                0x000000c0       0x20 /cygdrive/c/gnuarm/bin/../lib/gcc/arm-elf/4.1.1/interwork/libgcc.a(_addsubdf3.o)
 .debug_aranges
                0x000000e0       0x20 /cygdrive/c/gnuarm/bin/../lib/gcc/arm-elf/4.1.1/interwork/libgcc.a(_muldivdf3.o)
 .debug_aranges
                0x00000100       0x20 /cygdrive/c/gnuarm/bin/../lib/gcc/arm-elf/4.1.1/interwork/libgcc.a(_cmpdf2.o)
 .debug_aranges
                0x00000120       0x20 /cygdrive/c/gnuarm/bin/../lib/gcc/arm-elf/4.1.1/interwork/libgcc.a(_fixdfsi.o)
 .debug_aranges
                0x00000140       0x20 /cygdrive/c/gnuarm/bin/../lib/gcc/arm-elf/4.1.1/interwork/libgcc.a(_fixunsdfsi.o)
 .debug_aranges
                0x00000160       0x20 /cygdrive/c/gnuarm/bin/../lib/gcc/arm-elf/4.1.1/interwork/libgcc.a(_truncdfsf2.o)
 .debug_aranges
                0x00000180       0x20 /cygdrive/c/gnuarm/bin/../lib/gcc/arm-elf/4.1.1/interwork/libgcc.a(_addsubsf3.o)
 .debug_aranges
                0x000001a0       0x20 /cygdrive/c/gnuarm/bin/../lib/gcc/arm-elf/4.1.1/interwork/libgcc.a(_muldivsf3.o)
 .debug_aranges
                0x000001c0       0x20 /cygdrive/c/gnuarm/bin/../lib/gcc/arm-elf/4.1.1/interwork/libgcc.a(_cmpsf2.o)
 .debug_aranges
                0x000001e0       0x20 /cygdrive/c/gnuarm/bin/../lib/gcc/arm-elf/4.1.1/../../../../arm-elf/lib/interwork/libc.a(errno.o)
 .debug_aranges
                0x00000200       0x20 /cygdrive/c/gnuarm/bin/../lib/gcc/arm-elf/4.1.1/../../../../arm-elf/lib/interwork/libc.a(memcpy.o)

.debug_pubnames
                0x00000000      0x114
 *(.debug_pubnames)
 .debug_pubnames
                0x00000000       0x1b /cygdrive/c/gnuarm/bin/../lib/gcc/arm-elf/4.1.1/../../../../arm-elf/lib/interwork/libm.a(w_sqrt.o)
 .debug_pubnames
                0x0000001b       0x25 /cygdrive/c/gnuarm/bin/../lib/gcc/arm-elf/4.1.1/../../../../arm-elf/lib/interwork/libm.a(e_sqrt.o)
 .debug_pubnames
                0x00000040       0x1c /cygdrive/c/gnuarm/bin/../lib/gcc/arm-elf/4.1.1/../../../../arm-elf/lib/interwork/libm.a(s_isnan.o)
 .debug_pubnames
                0x0000005c       0x26 /cygdrive/c/gnuarm/bin/../lib/gcc/arm-elf/4.1.1/../../../../arm-elf/lib/interwork/libm.a(s_lib_ver.o)
 .debug_pubnames
                0x00000082       0x1e /cygdrive/c/gnuarm/bin/../lib/gcc/arm-elf/4.1.1/../../../../arm-elf/lib/interwork/libm.a(s_matherr.o)
 .debug_pubnames
                0x000000a0       0x1e /cygdrive/c/gnuarm/bin/../lib/gcc/arm-elf/4.1.1/../../../../arm-elf/lib/interwork/libc.a(errno.o)
 .debug_pubnames
                0x000000be       0x39 /cygdrive/c/gnuarm/bin/../lib/gcc/arm-elf/4.1.1/../../../../arm-elf/lib/interwork/libc.a(impure.o)
 .debug_pubnames
                0x000000f7       0x1d /cygdrive/c/gnuarm/bin/../lib/gcc/arm-elf/4.1.1/../../../../arm-elf/lib/interwork/libc.a(memcpy.o)

.debug_info     0x00000000     0x1eae
 *(.debug_info .gnu.linkonce.wi.*)
 .debug_info    0x00000000      0x17f /cygdrive/c/gnuarm/bin/../lib/gcc/arm-elf/4.1.1/../../../../arm-elf/lib/interwork/libm.a(w_sqrt.o)
 .debug_info    0x0000017f      0x22f /cygdrive/c/gnuarm/bin/../lib/gcc/arm-elf/4.1.1/../../../../arm-elf/lib/interwork/libm.a(e_sqrt.o)
 .debug_info    0x000003ae      0x151 /cygdrive/c/gnuarm/bin/../lib/gcc/arm-elf/4.1.1/../../../../arm-elf/lib/interwork/libm.a(s_isnan.o)
 .debug_info    0x000004ff       0xcc /cygdrive/c/gnuarm/bin/../lib/gcc/arm-elf/4.1.1/../../../../arm-elf/lib/interwork/libm.a(s_lib_ver.o)
 .debug_info    0x000005cb      0x135 /cygdrive/c/gnuarm/bin/../lib/gcc/arm-elf/4.1.1/../../../../arm-elf/lib/interwork/libm.a(s_matherr.o)
 .debug_info    0x00000700       0x68 /cygdrive/c/gnuarm/bin/../lib/gcc/arm-elf/4.1.1/interwork/libgcc.a(_udivsi3.o)
 .debug_info    0x00000768       0x68 /cygdrive/c/gnuarm/bin/../lib/gcc/arm-elf/4.1.1/interwork/libgcc.a(_dvmd_tls.o)
 .debug_info    0x000007d0       0x67 /cygdrive/c/gnuarm/bin/../lib/gcc/arm-elf/4.1.1/interwork/libgcc.a(_addsubdf3.o)
 .debug_info    0x00000837       0x67 /cygdrive/c/gnuarm/bin/../lib/gcc/arm-elf/4.1.1/interwork/libgcc.a(_muldivdf3.o)
 .debug_info    0x0000089e       0x67 /cygdrive/c/gnuarm/bin/../lib/gcc/arm-elf/4.1.1/interwork/libgcc.a(_cmpdf2.o)
 .debug_info    0x00000905       0x67 /cygdrive/c/gnuarm/bin/../lib/gcc/arm-elf/4.1.1/interwork/libgcc.a(_fixdfsi.o)
 .debug_info    0x0000096c       0x67 /cygdrive/c/gnuarm/bin/../lib/gcc/arm-elf/4.1.1/interwork/libgcc.a(_fixunsdfsi.o)
 .debug_info    0x000009d3       0x67 /cygdrive/c/gnuarm/bin/../lib/gcc/arm-elf/4.1.1/interwork/libgcc.a(_truncdfsf2.o)
 .debug_info    0x00000a3a       0x67 /cygdrive/c/gnuarm/bin/../lib/gcc/arm-elf/4.1.1/interwork/libgcc.a(_addsubsf3.o)
 .debug_info    0x00000aa1       0x67 /cygdrive/c/gnuarm/bin/../lib/gcc/arm-elf/4.1.1/interwork/libgcc.a(_muldivsf3.o)
 .debug_info    0x00000b08       0x67 /cygdrive/c/gnuarm/bin/../lib/gcc/arm-elf/4.1.1/interwork/libgcc.a(_cmpsf2.o)
 .debug_info    0x00000b6f      0x913 /cygdrive/c/gnuarm/bin/../lib/gcc/arm-elf/4.1.1/../../../../arm-elf/lib/interwork/libc.a(errno.o)
 .debug_info    0x00001482      0x922 /cygdrive/c/gnuarm/bin/../lib/gcc/arm-elf/4.1.1/../../../../arm-elf/lib/interwork/libc.a(impure.o)
 .debug_info    0x00001da4      0x10a /cygdrive/c/gnuarm/bin/../lib/gcc/arm-elf/4.1.1/../../../../arm-elf/lib/interwork/libc.a(memcpy.o)

.debug_abbrev   0x00000000      0x7e0
 *(.debug_abbrev)
 .debug_abbrev  0x00000000       0xc7 /cygdrive/c/gnuarm/bin/../lib/gcc/arm-elf/4.1.1/../../../../arm-elf/lib/interwork/libm.a(w_sqrt.o)
 .debug_abbrev  0x000000c7      0x11e /cygdrive/c/gnuarm/bin/../lib/gcc/arm-elf/4.1.1/../../../../arm-elf/lib/interwork/libm.a(e_sqrt.o)
 .debug_abbrev  0x000001e5       0xd4 /cygdrive/c/gnuarm/bin/../lib/gcc/arm-elf/4.1.1/../../../../arm-elf/lib/interwork/libm.a(s_isnan.o)
 .debug_abbrev  0x000002b9       0x5a /cygdrive/c/gnuarm/bin/../lib/gcc/arm-elf/4.1.1/../../../../arm-elf/lib/interwork/libm.a(s_lib_ver.o)
 .debug_abbrev  0x00000313       0x95 /cygdrive/c/gnuarm/bin/../lib/gcc/arm-elf/4.1.1/../../../../arm-elf/lib/interwork/libm.a(s_matherr.o)
 .debug_abbrev  0x000003a8       0x14 /cygdrive/c/gnuarm/bin/../lib/gcc/arm-elf/4.1.1/interwork/libgcc.a(_udivsi3.o)
 .debug_abbrev  0x000003bc       0x14 /cygdrive/c/gnuarm/bin/../lib/gcc/arm-elf/4.1.1/interwork/libgcc.a(_dvmd_tls.o)
 .debug_abbrev  0x000003d0       0x14 /cygdrive/c/gnuarm/bin/../lib/gcc/arm-elf/4.1.1/interwork/libgcc.a(_addsubdf3.o)
 .debug_abbrev  0x000003e4       0x14 /cygdrive/c/gnuarm/bin/../lib/gcc/arm-elf/4.1.1/interwork/libgcc.a(_muldivdf3.o)
 .debug_abbrev  0x000003f8       0x14 /cygdrive/c/gnuarm/bin/../lib/gcc/arm-elf/4.1.1/interwork/libgcc.a(_cmpdf2.o)
 .debug_abbrev  0x0000040c       0x14 /cygdrive/c/gnuarm/bin/../lib/gcc/arm-elf/4.1.1/interwork/libgcc.a(_fixdfsi.o)
 .debug_abbrev  0x00000420       0x14 /cygdrive/c/gnuarm/bin/../lib/gcc/arm-elf/4.1.1/interwork/libgcc.a(_fixunsdfsi.o)
 .debug_abbrev  0x00000434       0x14 /cygdrive/c/gnuarm/bin/../lib/gcc/arm-elf/4.1.1/interwork/libgcc.a(_truncdfsf2.o)
 .debug_abbrev  0x00000448       0x14 /cygdrive/c/gnuarm/bin/../lib/gcc/arm-elf/4.1.1/interwork/libgcc.a(_addsubsf3.o)
 .debug_abbrev  0x0000045c       0x14 /cygdrive/c/gnuarm/bin/../lib/gcc/arm-elf/4.1.1/interwork/libgcc.a(_muldivsf3.o)
 .debug_abbrev  0x00000470       0x14 /cygdrive/c/gnuarm/bin/../lib/gcc/arm-elf/4.1.1/interwork/libgcc.a(_cmpsf2.o)
 .debug_abbrev  0x00000484      0x15f /cygdrive/c/gnuarm/bin/../lib/gcc/arm-elf/4.1.1/../../../../arm-elf/lib/interwork/libc.a(errno.o)
 .debug_abbrev  0x000005e3      0x157 /cygdrive/c/gnuarm/bin/../lib/gcc/arm-elf/4.1.1/../../../../arm-elf/lib/interwork/libc.a(impure.o)
 .debug_abbrev  0x0000073a       0xa6 /cygdrive/c/gnuarm/bin/../lib/gcc/arm-elf/4.1.1/../../../../arm-elf/lib/interwork/libc.a(memcpy.o)

.debug_line     0x00000000      0xf6e
 *(.debug_line)
 .debug_line    0x00000000       0xbb /cygdrive/c/gnuarm/bin/../lib/gcc/arm-elf/4.1.1/../../../../arm-elf/lib/interwork/libm.a(w_sqrt.o)
 .debug_line    0x000000bb      0x157 /cygdrive/c/gnuarm/bin/../lib/gcc/arm-elf/4.1.1/../../../../arm-elf/lib/interwork/libm.a(e_sqrt.o)
 .debug_line    0x00000212       0xf3 /cygdrive/c/gnuarm/bin/../lib/gcc/arm-elf/4.1.1/../../../../arm-elf/lib/interwork/libm.a(s_isnan.o)
 .debug_line    0x00000305       0x92 /cygdrive/c/gnuarm/bin/../lib/gcc/arm-elf/4.1.1/../../../../arm-elf/lib/interwork/libm.a(s_lib_ver.o)
 .debug_line    0x00000397       0xa3 /cygdrive/c/gnuarm/bin/../lib/gcc/arm-elf/4.1.1/../../../../arm-elf/lib/interwork/libm.a(s_matherr.o)
 .debug_line    0x0000043a       0x84 /cygdrive/c/gnuarm/bin/../lib/gcc/arm-elf/4.1.1/interwork/libgcc.a(_udivsi3.o)
 .debug_line    0x000004be       0x5d /cygdrive/c/gnuarm/bin/../lib/gcc/arm-elf/4.1.1/interwork/libgcc.a(_dvmd_tls.o)
 .debug_line    0x0000051b      0x165 /cygdrive/c/gnuarm/bin/../lib/gcc/arm-elf/4.1.1/interwork/libgcc.a(_addsubdf3.o)
 .debug_line    0x00000680      0x17a /cygdrive/c/gnuarm/bin/../lib/gcc/arm-elf/4.1.1/interwork/libgcc.a(_muldivdf3.o)
 .debug_line    0x000007fa       0xa7 /cygdrive/c/gnuarm/bin/../lib/gcc/arm-elf/4.1.1/interwork/libgcc.a(_cmpdf2.o)
 .debug_line    0x000008a1       0x72 /cygdrive/c/gnuarm/bin/../lib/gcc/arm-elf/4.1.1/interwork/libgcc.a(_fixdfsi.o)
 .debug_line    0x00000913       0x70 /cygdrive/c/gnuarm/bin/../lib/gcc/arm-elf/4.1.1/interwork/libgcc.a(_fixunsdfsi.o)
 .debug_line    0x00000983       0x83 /cygdrive/c/gnuarm/bin/../lib/gcc/arm-elf/4.1.1/interwork/libgcc.a(_truncdfsf2.o)
 .debug_line    0x00000a06      0x113 /cygdrive/c/gnuarm/bin/../lib/gcc/arm-elf/4.1.1/interwork/libgcc.a(_addsubsf3.o)
 .debug_line    0x00000b19      0x11d /cygdrive/c/gnuarm/bin/../lib/gcc/arm-elf/4.1.1/interwork/libgcc.a(_muldivsf3.o)
 .debug_line    0x00000c36       0x9b /cygdrive/c/gnuarm/bin/../lib/gcc/arm-elf/4.1.1/interwork/libgcc.a(_cmpsf2.o)
 .debug_line    0x00000cd1       0xf2 /cygdrive/c/gnuarm/bin/../lib/gcc/arm-elf/4.1.1/../../../../arm-elf/lib/interwork/libc.a(errno.o)
 .debug_line    0x00000dc3       0xe3 /cygdrive/c/gnuarm/bin/../lib/gcc/arm-elf/4.1.1/../../../../arm-elf/lib/interwork/libc.a(impure.o)
 .debug_line    0x00000ea6       0xc8 /cygdrive/c/gnuarm/bin/../lib/gcc/arm-elf/4.1.1/../../../../arm-elf/lib/interwork/libc.a(memcpy.o)

.debug_frame    0x00000000      0x124
 *(.debug_frame)
 .debug_frame   0x00000000       0x34 /cygdrive/c/gnuarm/bin/../lib/gcc/arm-elf/4.1.1/../../../../arm-elf/lib/interwork/libm.a(w_sqrt.o)
 .debug_frame   0x00000034       0x34 /cygdrive/c/gnuarm/bin/../lib/gcc/arm-elf/4.1.1/../../../../arm-elf/lib/interwork/libm.a(e_sqrt.o)
 .debug_frame   0x00000068       0x28 /cygdrive/c/gnuarm/bin/../lib/gcc/arm-elf/4.1.1/../../../../arm-elf/lib/interwork/libm.a(s_isnan.o)
 .debug_frame   0x00000090       0x20 /cygdrive/c/gnuarm/bin/../lib/gcc/arm-elf/4.1.1/../../../../arm-elf/lib/interwork/libm.a(s_matherr.o)
 .debug_frame   0x000000b0       0x2c /cygdrive/c/gnuarm/bin/../lib/gcc/arm-elf/4.1.1/interwork/libgcc.a(_udivsi3.o)
 .debug_frame   0x000000dc       0x20 /cygdrive/c/gnuarm/bin/../lib/gcc/arm-elf/4.1.1/../../../../arm-elf/lib/interwork/libc.a(errno.o)
 .debug_frame   0x000000fc       0x28 /cygdrive/c/gnuarm/bin/../lib/gcc/arm-elf/4.1.1/../../../../arm-elf/lib/interwork/libc.a(memcpy.o)

.debug_str      0x00000000      0x81c
 *(.debug_str)
 .debug_str     0x00000000      0x15a /cygdrive/c/gnuarm/bin/../lib/gcc/arm-elf/4.1.1/../../../../arm-elf/lib/interwork/libm.a(w_sqrt.o)
                                0x1a4 (size before relaxing)
 .debug_str     0x0000015a       0x8a /cygdrive/c/gnuarm/bin/../lib/gcc/arm-elf/4.1.1/../../../../arm-elf/lib/interwork/libm.a(e_sqrt.o)
                                0x17a (size before relaxing)
 .debug_str     0x000001e4       0x41 /cygdrive/c/gnuarm/bin/../lib/gcc/arm-elf/4.1.1/../../../../arm-elf/lib/interwork/libm.a(s_isnan.o)
                                0x163 (size before relaxing)
 .debug_str     0x00000225       0x78 /cygdrive/c/gnuarm/bin/../lib/gcc/arm-elf/4.1.1/../../../../arm-elf/lib/interwork/libm.a(s_lib_ver.o)
                                0x181 (size before relaxing)
 .debug_str     0x0000029d       0x47 /cygdrive/c/gnuarm/bin/../lib/gcc/arm-elf/4.1.1/../../../../arm-elf/lib/interwork/libm.a(s_matherr.o)
                                0x153 (size before relaxing)
 .debug_str     0x000002e4      0x3fc /cygdrive/c/gnuarm/bin/../lib/gcc/arm-elf/4.1.1/../../../../arm-elf/lib/interwork/libc.a(errno.o)
                                0x4a4 (size before relaxing)
 .debug_str     0x000006e0       0x92 /cygdrive/c/gnuarm/bin/../lib/gcc/arm-elf/4.1.1/../../../../arm-elf/lib/interwork/libc.a(impure.o)
                                0x4bc (size before relaxing)
 .debug_str     0x00000772       0xaa /cygdrive/c/gnuarm/bin/../lib/gcc/arm-elf/4.1.1/../../../../arm-elf/lib/interwork/libc.a(memcpy.o)
                                 0xd6 (size before relaxing)

.debug_loc      0x00000000      0x52d
 *(.debug_loc)
 .debug_loc     0x00000000       0x74 /cygdrive/c/gnuarm/bin/../lib/gcc/arm-elf/4.1.1/../../../../arm-elf/lib/interwork/libm.a(w_sqrt.o)
 .debug_loc     0x00000074      0x35b /cygdrive/c/gnuarm/bin/../lib/gcc/arm-elf/4.1.1/../../../../arm-elf/lib/interwork/libm.a(e_sqrt.o)
 .debug_loc     0x000003cf       0x4f /cygdrive/c/gnuarm/bin/../lib/gcc/arm-elf/4.1.1/../../../../arm-elf/lib/interwork/libm.a(s_isnan.o)
 .debug_loc     0x0000041e       0x13 /cygdrive/c/gnuarm/bin/../lib/gcc/arm-elf/4.1.1/../../../../arm-elf/lib/interwork/libm.a(s_matherr.o)
 .debug_loc     0x00000431       0xfc /cygdrive/c/gnuarm/bin/../lib/gcc/arm-elf/4.1.1/../../../../arm-elf/lib/interwork/libc.a(memcpy.o)

.debug_macinfo
 *(.debug_macinfo)

.debug_weaknames
 *(.debug_weaknames)

.debug_funcnames
 *(.debug_funcnames)

.debug_typenames
 *(.debug_typenames)

.debug_varnames
 *(.debug_varnames)
OUTPUT(TML.elf elf32-littlearm)

.debug_ranges   0x00000000       0x30
 .debug_ranges  0x00000000       0x30 /cygdrive/c/gnuarm/bin/../lib/gcc/arm-elf/4.1.1/../../../../arm-elf/lib/interwork/libm.a(e_sqrt.o)
