Archive member included because of file (symbol)

c:/program files/codesourcery/sourcery g++ lite/bin/../lib/gcc/arm-none-eabi/4.5.2/../../../../arm-none-eabi/lib\libm.a(lib_a-w_sqrt.o)
                              ads1247.o (sqrt)
c:/program files/codesourcery/sourcery g++ lite/bin/../lib/gcc/arm-none-eabi/4.5.2/../../../../arm-none-eabi/lib\libm.a(lib_a-e_sqrt.o)
                              c:/program files/codesourcery/sourcery g++ lite/bin/../lib/gcc/arm-none-eabi/4.5.2/../../../../arm-none-eabi/lib\libm.a(lib_a-w_sqrt.o) (__ieee754_sqrt)
c:/program files/codesourcery/sourcery g++ lite/bin/../lib/gcc/arm-none-eabi/4.5.2/../../../../arm-none-eabi/lib\libm.a(lib_a-s_fpclassify.o)
                              c:/program files/codesourcery/sourcery g++ lite/bin/../lib/gcc/arm-none-eabi/4.5.2/../../../../arm-none-eabi/lib\libm.a(lib_a-w_sqrt.o) (__fpclassifyd)
c:/program files/codesourcery/sourcery g++ lite/bin/../lib/gcc/arm-none-eabi/4.5.2/../../../../arm-none-eabi/lib\libm.a(lib_a-s_lib_ver.o)
                              c:/program files/codesourcery/sourcery g++ lite/bin/../lib/gcc/arm-none-eabi/4.5.2/../../../../arm-none-eabi/lib\libm.a(lib_a-w_sqrt.o) (__fdlib_version)
c:/program files/codesourcery/sourcery g++ lite/bin/../lib/gcc/arm-none-eabi/4.5.2/../../../../arm-none-eabi/lib\libm.a(lib_a-s_matherr.o)
                              c:/program files/codesourcery/sourcery g++ lite/bin/../lib/gcc/arm-none-eabi/4.5.2/../../../../arm-none-eabi/lib\libm.a(lib_a-w_sqrt.o) (matherr)
c:/program files/codesourcery/sourcery g++ lite/bin/../lib/gcc/arm-none-eabi/4.5.2\libgcc.a(_udivsi3.o)
                              mbrtu.o (__aeabi_uidiv)
c:/program files/codesourcery/sourcery g++ lite/bin/../lib/gcc/arm-none-eabi/4.5.2\libgcc.a(_dvmd_tls.o)
                              c:/program files/codesourcery/sourcery g++ lite/bin/../lib/gcc/arm-none-eabi/4.5.2\libgcc.a(_udivsi3.o) (__aeabi_idiv0)
c:/program files/codesourcery/sourcery g++ lite/bin/../lib/gcc/arm-none-eabi/4.5.2\libgcc.a(_arm_addsubdf3.o)
                              ads1247.o (__aeabi_dsub)
c:/program files/codesourcery/sourcery g++ lite/bin/../lib/gcc/arm-none-eabi/4.5.2\libgcc.a(_arm_muldivdf3.o)
                              ads1247.o (__aeabi_dmul)
c:/program files/codesourcery/sourcery g++ lite/bin/../lib/gcc/arm-none-eabi/4.5.2\libgcc.a(_arm_cmpdf2.o)
                              c:/program files/codesourcery/sourcery g++ lite/bin/../lib/gcc/arm-none-eabi/4.5.2/../../../../arm-none-eabi/lib\libm.a(lib_a-w_sqrt.o) (__aeabi_dcmplt)
c:/program files/codesourcery/sourcery g++ lite/bin/../lib/gcc/arm-none-eabi/4.5.2\libgcc.a(_arm_fixdfsi.o)
                              ads1247.o (__aeabi_d2iz)
c:/program files/codesourcery/sourcery g++ lite/bin/../lib/gcc/arm-none-eabi/4.5.2\libgcc.a(_arm_fixunsdfsi.o)
                              ad5422.o (__aeabi_d2uiz)
c:/program files/codesourcery/sourcery g++ lite/bin/../lib/gcc/arm-none-eabi/4.5.2\libgcc.a(_arm_truncdfsf2.o)
                              ad5422.o (__aeabi_d2f)
c:/program files/codesourcery/sourcery g++ lite/bin/../lib/gcc/arm-none-eabi/4.5.2\libgcc.a(_arm_addsubsf3.o)
                              ad5422.o (__aeabi_i2f)
c:/program files/codesourcery/sourcery g++ lite/bin/../lib/gcc/arm-none-eabi/4.5.2\libgcc.a(_arm_muldivsf3.o)
                              ad5422.o (__aeabi_fmul)
c:/program files/codesourcery/sourcery g++ lite/bin/../lib/gcc/arm-none-eabi/4.5.2\libgcc.a(_arm_cmpsf2.o)
                              ad5422.o (__aeabi_fcmple)
c:/program files/codesourcery/sourcery g++ lite/bin/../lib/gcc/arm-none-eabi/4.5.2\libgcc.a(_arm_fixsfsi.o)
                              main.o (__aeabi_f2iz)
c:/program files/codesourcery/sourcery g++ lite/bin/../lib/gcc/arm-none-eabi/4.5.2/../../../../arm-none-eabi/lib\libc.a(lib_a-errno.o)
                              c:/program files/codesourcery/sourcery g++ lite/bin/../lib/gcc/arm-none-eabi/4.5.2/../../../../arm-none-eabi/lib\libm.a(lib_a-w_sqrt.o) (__errno)
c:/program files/codesourcery/sourcery g++ lite/bin/../lib/gcc/arm-none-eabi/4.5.2/../../../../arm-none-eabi/lib\libc.a(lib_a-impure.o)
                              c:/program files/codesourcery/sourcery g++ lite/bin/../lib/gcc/arm-none-eabi/4.5.2/../../../../arm-none-eabi/lib\libc.a(lib_a-errno.o) (_impure_ptr)
c:/program files/codesourcery/sourcery g++ lite/bin/../lib/gcc/arm-none-eabi/4.5.2/../../../../arm-none-eabi/lib\libc.a(lib_a-memcpy.o)
                              flash_nvol.o (memcpy)

Allocating common symbols
Common symbol       size              file

pxMBFrameCBTransmitterEmpty
                    0x4               mb.o
pxMBPortCBTimerExpired
                    0x4               mb.o
ucRTUBuf            0x100             mbrtu.o
pxMBFrameCBByteReceived
                    0x4               mb.o
pxMBFrameCBTransmitFSMCur
                    0x4               mb.o
pxMBFrameCBReceiveFSMCur
                    0x4               mb.o
usRegInputBuf       0x64              main.o
ch                  0x40              main.o
VIC_Temp            0x4               port.o

Memory Configuration

Name             Origin             Length             Attributes
CODE             0x00000000         0x00020000         xr
DATA             0x40000000         0x00010000         rw
IAP6             0x00006000         0x00001000         rw
IAP7             0x00007000         0x00001000         rw
CONST            0x00008000         0x00001000         rw
*default*        0x00000000         0xffffffff

Linker script and memory map

LOAD ads1247.o
LOAD main.o
LOAD startup.o
LOAD ad5422.o
LOAD mb.o
LOAD mbcrc.o
LOAD mbfuncholding.o
LOAD mbrtu.o
LOAD port.o
LOAD portevent.o
LOAD portserial.o
LOAD porttimer.o
LOAD mbutils.o
LOAD ds18b20.o
LOAD armint.o
LOAD flash_nvol.o
LOAD rtc.o
LOAD c:/program files/codesourcery/sourcery g++ lite/bin/../lib/gcc/arm-none-eabi/4.5.2/../../../../arm-none-eabi/lib\libm.a
START GROUP
LOAD c:/program files/codesourcery/sourcery g++ lite/bin/../lib/gcc/arm-none-eabi/4.5.2\libgcc.a
LOAD c:/program files/codesourcery/sourcery g++ lite/bin/../lib/gcc/arm-none-eabi/4.5.2/../../../../arm-none-eabi/lib\libc.a
END GROUP

.text           0x00000000     0x578c
 *startup.o(.text)
 .text          0x00000000      0x160 startup.o
                0x00000000                _startup
 *(.text)
 .text          0x00000160      0xcc8 ads1247.o
                0x0000018c                ads1247_init
                0x0000025c                ads1247_BurnoutCurrentSense
                0x00000438                PT100
                0x00000874                Thermocouple
 .text          0x00000e28      0x8bc main.o
                0x00000e28                main
                0x000014a4                eMBRegHoldingCB
                0x000016cc                eMBRegInputCB
                0x000016d4                eMBRegCoilsCB
                0x000016dc                eMBRegDiscreteCB
 .text          0x000016e4      0x378 ad5422.o
                0x00001710                AD5422_init
                0x000018a0                AD5422_SetOutputVorI
 .text          0x00001a5c      0x4b4 mb.o
                0x00001a5c                eMBInit
                0x00001b34                eMBRegisterCB
                0x00001c58                eMBClose
                0x00001cac                eMBEnable
                0x00001cfc                eMBDisable
                0x00001d5c                eMBPoll
 .text          0x00001f10       0x60 mbcrc.o
                0x00001f10                usMBCRC16
 .text          0x00001f70      0x1b4 mbfuncholding.o
                0x00001f70                eMBFuncWriteHoldingRegister
                0x00001fcc                eMBFuncWriteMultipleHoldingRegister
                0x00002068                eMBFuncReadHoldingRegister
 .text          0x00002124      0x460 mbrtu.o
                0x00002124                eMBRTUInit
                0x000021a4                eMBRTUStart
                0x000021e0                eMBRTUStop
                0x00002210                eMBRTUReceive
                0x00002298                eMBRTUSend
                0x0000236c                xMBRTUReceiveFSM
                0x00002458                xMBRTUTransmitFSM
                0x00002518                xMBRTUTimerT35Expired
 .text          0x00002584       0x34 port.o
                0x00002584                EnterCriticalSection
                0x000025a0                ExitCriticalSection
 .text          0x000025b8       0x64 portevent.o
                0x000025b8                xMBPortEventInit
                0x000025d0                xMBPortEventPost
                0x000025ec                xMBPortEventGet
 .text          0x0000261c      0x33c portserial.o
                0x00002720                vMBPortSerialEnable
                0x000027c8                vMBPortClose
                0x000027cc                xMBPortSerialInit
                0x0000290c                xMBPortSerialPutByte
                0x00002930                xMBPortSerialGetByte
 .text          0x00002958       0xdc porttimer.o
                0x000029a4                xMBPortTimersInit
                0x00002a04                vMBPortTimersEnable
                0x00002a20                vMBPortTimersDisable
 .text          0x00002a34       0x88 mbutils.o
                0x00002a34                xMBUtilSetBits
                0x00002a94                prveMBError2Exception
 .text          0x00002abc      0x474 ds18b20.o
                0x00002abc                output_low
                0x00002adc                Timer_W8
                0x00002af0                delay_us
                0x00002b3c                delay_ms
                0x00002b8c                onewire_reset
                0x00002bf0                onewire_write
                0x00002cb4                onewire_read
                0x00002d70                ds1820_read
 .text          0x00002f30       0x78 armint.o
                0x00002f30                disable_irq
                0x00002f40                enable_irq
                0x00002f50                restore_irq
                0x00002f6c                disable_fiq
                0x00002f7c                enable_fiq
                0x00002f8c                restore_fiq
 .text          0x00002fa8      0xdd8 flash_nvol.o
                0x0000331c                NVOL_GetVariable
                0x000033f8                NVOL_SetVariableRecord
                0x0000369c                NVOL_Init
                0x00003bc4                NVOL_SetVariable
 .text          0x00003d80       0xd4 rtc.o
                0x00003d80                rtc_isr
                0x00003e10                rtc_init
 .text          0x00003e54      0x124 c:/program files/codesourcery/sourcery g++ lite/bin/../lib/gcc/arm-none-eabi/4.5.2/../../../../arm-none-eabi/lib\libm.a(lib_a-w_sqrt.o)
                0x00003e54                sqrt
 .text          0x00003f78      0x238 c:/program files/codesourcery/sourcery g++ lite/bin/../lib/gcc/arm-none-eabi/4.5.2/../../../../arm-none-eabi/lib\libm.a(lib_a-e_sqrt.o)
                0x00003f78                __ieee754_sqrt
 .text          0x000041b0       0x8c c:/program files/codesourcery/sourcery g++ lite/bin/../lib/gcc/arm-none-eabi/4.5.2/../../../../arm-none-eabi/lib\libm.a(lib_a-s_fpclassify.o)
                0x000041b0                __fpclassifyd
 .text          0x0000423c        0x0 c:/program files/codesourcery/sourcery g++ lite/bin/../lib/gcc/arm-none-eabi/4.5.2/../../../../arm-none-eabi/lib\libm.a(lib_a-s_lib_ver.o)
 .text          0x0000423c        0x8 c:/program files/codesourcery/sourcery g++ lite/bin/../lib/gcc/arm-none-eabi/4.5.2/../../../../arm-none-eabi/lib\libm.a(lib_a-s_matherr.o)
                0x0000423c                matherr
 .text          0x00004244      0x114 c:/program files/codesourcery/sourcery g++ lite/bin/../lib/gcc/arm-none-eabi/4.5.2\libgcc.a(_udivsi3.o)
                0x00004244                __aeabi_uidiv
                0x00004244                __udivsi3
                0x00004338                __aeabi_uidivmod
 .text          0x00004358        0x4 c:/program files/codesourcery/sourcery g++ lite/bin/../lib/gcc/arm-none-eabi/4.5.2\libgcc.a(_dvmd_tls.o)
                0x00004358                __aeabi_idiv0
                0x00004358                __aeabi_ldiv0
 .text          0x0000435c      0x41c c:/program files/codesourcery/sourcery g++ lite/bin/../lib/gcc/arm-none-eabi/4.5.2\libgcc.a(_arm_addsubdf3.o)
                0x0000435c                __aeabi_drsub
                0x00004364                __aeabi_dsub
                0x00004364                __subdf3
                0x00004368                __aeabi_dadd
                0x00004368                __adddf3
                0x00004678                __floatunsidf
                0x00004678                __aeabi_ui2d
                0x0000469c                __floatsidf
                0x0000469c                __aeabi_i2d
                0x000046c4                __aeabi_f2d
                0x000046c4                __extendsfdf2
                0x00004704                __floatundidf
                0x00004704                __aeabi_ul2d
                0x00004718                __floatdidf
                0x00004718                __aeabi_l2d
 .text          0x00004778      0x49c c:/program files/codesourcery/sourcery g++ lite/bin/../lib/gcc/arm-none-eabi/4.5.2\libgcc.a(_arm_muldivdf3.o)
                0x00004778                __aeabi_dmul
                0x00004778                __muldf3
                0x00004a08                __divdf3
                0x00004a08                __aeabi_ddiv
 .text          0x00004c14      0x144 c:/program files/codesourcery/sourcery g++ lite/bin/../lib/gcc/arm-none-eabi/4.5.2\libgcc.a(_arm_cmpdf2.o)
                0x00004c14                __gtdf2
                0x00004c14                __gedf2
                0x00004c1c                __ltdf2
                0x00004c1c                __ledf2
                0x00004c24                __nedf2
                0x00004c24                __eqdf2
                0x00004c24                __cmpdf2
                0x00004cac                __aeabi_cdrcmple
                0x00004cc8                __aeabi_cdcmpeq
                0x00004cc8                __aeabi_cdcmple
                0x00004ce0                __aeabi_dcmpeq
                0x00004cf8                __aeabi_dcmplt
                0x00004d10                __aeabi_dcmple
                0x00004d28                __aeabi_dcmpge
                0x00004d40                __aeabi_dcmpgt
 .text          0x00004d58       0x5c c:/program files/codesourcery/sourcery g++ lite/bin/../lib/gcc/arm-none-eabi/4.5.2\libgcc.a(_arm_fixdfsi.o)
                0x00004d58                __aeabi_d2iz
                0x00004d58                __fixdfsi
 .text          0x00004db4       0x54 c:/program files/codesourcery/sourcery g++ lite/bin/../lib/gcc/arm-none-eabi/4.5.2\libgcc.a(_arm_fixunsdfsi.o)
                0x00004db4                __aeabi_d2uiz
                0x00004db4                __fixunsdfsi
 .text          0x00004e08       0xa0 c:/program files/codesourcery/sourcery g++ lite/bin/../lib/gcc/arm-none-eabi/4.5.2\libgcc.a(_arm_truncdfsf2.o)
                0x00004e08                __truncdfsf2
                0x00004e08                __aeabi_d2f
 .text          0x00004ea8      0x2ac c:/program files/codesourcery/sourcery g++ lite/bin/../lib/gcc/arm-none-eabi/4.5.2\libgcc.a(_arm_addsubsf3.o)
                0x00004ea8                __aeabi_frsub
                0x00004eb0                __subsf3
                0x00004eb0                __aeabi_fsub
                0x00004eb4                __aeabi_fadd
                0x00004eb4                __addsf3
                0x00005070                __aeabi_ui2f
                0x00005070                __floatunsisf
                0x00005078                __aeabi_i2f
                0x00005078                __floatsisf
                0x00005098                __aeabi_ul2f
                0x00005098                __floatundisf
                0x000050a8                __aeabi_l2f
                0x000050a8                __floatdisf
 .text          0x00005154      0x2f8 c:/program files/codesourcery/sourcery g++ lite/bin/../lib/gcc/arm-none-eabi/4.5.2\libgcc.a(_arm_muldivsf3.o)
                0x00005154                __mulsf3
                0x00005154                __aeabi_fmul
                0x000052ec                __aeabi_fdiv
                0x000052ec                __divsf3
 .text          0x0000544c      0x114 c:/program files/codesourcery/sourcery g++ lite/bin/../lib/gcc/arm-none-eabi/4.5.2\libgcc.a(_arm_cmpsf2.o)
                0x0000544c                __gesf2
                0x0000544c                __gtsf2
                0x00005454                __lesf2
                0x00005454                __ltsf2
                0x0000545c                __nesf2
                0x0000545c                __eqsf2
                0x0000545c                __cmpsf2
                0x000054c0                __aeabi_cfrcmple
                0x000054d0                __aeabi_cfcmpeq
                0x000054d0                __aeabi_cfcmple
                0x000054e8                __aeabi_fcmpeq
                0x00005500                __aeabi_fcmplt
                0x00005518                __aeabi_fcmple
                0x00005530                __aeabi_fcmpge
                0x00005548                __aeabi_fcmpgt
 .text          0x00005560       0x5c c:/program files/codesourcery/sourcery g++ lite/bin/../lib/gcc/arm-none-eabi/4.5.2\libgcc.a(_arm_fixsfsi.o)
                0x00005560                __aeabi_f2iz
                0x00005560                __fixsfsi
 .text          0x000055bc       0x10 c:/program files/codesourcery/sourcery g++ lite/bin/../lib/gcc/arm-none-eabi/4.5.2/../../../../arm-none-eabi/lib\libc.a(lib_a-errno.o)
                0x000055bc                __errno
 .text          0x000055cc        0x0 c:/program files/codesourcery/sourcery g++ lite/bin/../lib/gcc/arm-none-eabi/4.5.2/../../../../arm-none-eabi/lib\libc.a(lib_a-impure.o)
 .text          0x000055cc      0x1c0 c:/program files/codesourcery/sourcery g++ lite/bin/../lib/gcc/arm-none-eabi/4.5.2/../../../../arm-none-eabi/lib\libc.a(lib_a-memcpy.o)
                0x000055cc                memcpy
 *(.glue_7t)
 .glue_7t       0x00000000        0x0 linker stubs
 *(.glue_7)
 .glue_7        0x00000000        0x0 linker stubs

.vfp11_veneer   0x0000578c        0x0
 .vfp11_veneer  0x00000000        0x0 linker stubs

.v4_bx          0x0000578c        0x0
 .v4_bx         0x00000000        0x0 linker stubs
                0x0000578c                . = ALIGN (0x4)

.rodata         0x00005790      0x28c
 *(.rodata)
 .rodata        0x00005790       0x88 ads1247.o
                0x00005798                Z1
                0x000057a0                Z2
                0x000057a8                Z3
                0x000057b0                Z4
                0x000057b8                A0
                0x000057c0                A1
                0x000057c8                A2
                0x000057d0                A3
                0x000057d8                A4
                0x000057e0                A5
                0x000057e8                A6
                0x000057f0                A7
                0x000057f8                A8
                0x00005800                CJcomp_A
                0x00005808                CJcomp_B
                0x00005810                CJcomp_C
 .rodata        0x00005818      0x200 mbcrc.o
 .rodata        0x00005a18        0x4 c:/program files/codesourcery/sourcery g++ lite/bin/../lib/gcc/arm-none-eabi/4.5.2/../../../../arm-none-eabi/lib\libc.a(lib_a-impure.o)
                0x00005a18                _global_impure_ptr

.rodata.str1.4  0x00005a1c        0xc
 .rodata.str1.4
                0x00005a1c        0x5 c:/program files/codesourcery/sourcery g++ lite/bin/../lib/gcc/arm-none-eabi/4.5.2/../../../../arm-none-eabi/lib\libm.a(lib_a-w_sqrt.o)
                                  0x8 (size before relaxing)
 *fill*         0x00005a21        0x3 00
 .rodata.str1.4
                0x00005a24        0x4 c:/program files/codesourcery/sourcery g++ lite/bin/../lib/gcc/arm-none-eabi/4.5.2/../../../../arm-none-eabi/lib\libc.a(lib_a-impure.o)
                0x00005a28                . = ALIGN (0x4)
                0x00005a28                _etext = .
                0x00005a28                PROVIDE (etext, .)

.iap_section6   0x00006000     0x1000
 *(.sec6)
 .sec6          0x00006000     0x1000 flash_nvol.o

.iap_section7   0x00007000     0x1000
 *(.sec7)
 .sec7          0x00007000     0x1000 flash_nvol.o

.constant_data
 *(.constant)

.data           0x40000000      0x4d0 load address 0x00005a28
                0x40000000                _data = .
 *(.data)
 .data          0x40000000        0x0 ads1247.o
 .data          0x40000000        0x2 main.o
                0x40000000                usRegInputStart
 .data          0x40000002        0x0 startup.o
 .data          0x40000002        0x0 ad5422.o
 *fill*         0x40000002        0x2 00
 .data          0x40000004       0x84 mb.o
 .data          0x40000088        0x0 mbcrc.o
 .data          0x40000088        0x0 mbfuncholding.o
 .data          0x40000088        0x0 mbrtu.o
 .data          0x40000088        0x0 port.o
 .data          0x40000088        0x0 portevent.o
 .data          0x40000088        0x0 portserial.o
 .data          0x40000088        0x0 porttimer.o
 .data          0x40000088        0x0 mbutils.o
 .data          0x40000088        0x4 ds18b20.o
 .data          0x4000008c        0x0 armint.o
 .data          0x4000008c       0x10 flash_nvol.o
 .data          0x4000009c        0x0 rtc.o
 .data          0x4000009c        0x0 c:/program files/codesourcery/sourcery g++ lite/bin/../lib/gcc/arm-none-eabi/4.5.2/../../../../arm-none-eabi/lib\libm.a(lib_a-w_sqrt.o)
 .data          0x4000009c        0x0 c:/program files/codesourcery/sourcery g++ lite/bin/../lib/gcc/arm-none-eabi/4.5.2/../../../../arm-none-eabi/lib\libm.a(lib_a-e_sqrt.o)
 .data          0x4000009c        0x0 c:/program files/codesourcery/sourcery g++ lite/bin/../lib/gcc/arm-none-eabi/4.5.2/../../../../arm-none-eabi/lib\libm.a(lib_a-s_fpclassify.o)
 .data          0x4000009c        0x1 c:/program files/codesourcery/sourcery g++ lite/bin/../lib/gcc/arm-none-eabi/4.5.2/../../../../arm-none-eabi/lib\libm.a(lib_a-s_lib_ver.o)
                0x4000009c                __fdlib_version
 .data          0x4000009d        0x0 c:/program files/codesourcery/sourcery g++ lite/bin/../lib/gcc/arm-none-eabi/4.5.2/../../../../arm-none-eabi/lib\libm.a(lib_a-s_matherr.o)
 .data          0x4000009d        0x0 c:/program files/codesourcery/sourcery g++ lite/bin/../lib/gcc/arm-none-eabi/4.5.2\libgcc.a(_udivsi3.o)
 .data          0x4000009d        0x0 c:/program files/codesourcery/sourcery g++ lite/bin/../lib/gcc/arm-none-eabi/4.5.2\libgcc.a(_dvmd_tls.o)
 .data          0x4000009d        0x0 c:/program files/codesourcery/sourcery g++ lite/bin/../lib/gcc/arm-none-eabi/4.5.2\libgcc.a(_arm_addsubdf3.o)
 .data          0x4000009d        0x0 c:/program files/codesourcery/sourcery g++ lite/bin/../lib/gcc/arm-none-eabi/4.5.2\libgcc.a(_arm_muldivdf3.o)
 .data          0x4000009d        0x0 c:/program files/codesourcery/sourcery g++ lite/bin/../lib/gcc/arm-none-eabi/4.5.2\libgcc.a(_arm_cmpdf2.o)
 .data          0x4000009d        0x0 c:/program files/codesourcery/sourcery g++ lite/bin/../lib/gcc/arm-none-eabi/4.5.2\libgcc.a(_arm_fixdfsi.o)
 .data          0x4000009d        0x0 c:/program files/codesourcery/sourcery g++ lite/bin/../lib/gcc/arm-none-eabi/4.5.2\libgcc.a(_arm_fixunsdfsi.o)
 .data          0x4000009d        0x0 c:/program files/codesourcery/sourcery g++ lite/bin/../lib/gcc/arm-none-eabi/4.5.2\libgcc.a(_arm_truncdfsf2.o)
 .data          0x4000009d        0x0 c:/program files/codesourcery/sourcery g++ lite/bin/../lib/gcc/arm-none-eabi/4.5.2\libgcc.a(_arm_addsubsf3.o)
 .data          0x4000009d        0x0 c:/program files/codesourcery/sourcery g++ lite/bin/../lib/gcc/arm-none-eabi/4.5.2\libgcc.a(_arm_muldivsf3.o)
 .data          0x4000009d        0x0 c:/program files/codesourcery/sourcery g++ lite/bin/../lib/gcc/arm-none-eabi/4.5.2\libgcc.a(_arm_cmpsf2.o)
 .data          0x4000009d        0x0 c:/program files/codesourcery/sourcery g++ lite/bin/../lib/gcc/arm-none-eabi/4.5.2\libgcc.a(_arm_fixsfsi.o)
 .data          0x4000009d        0x0 c:/program files/codesourcery/sourcery g++ lite/bin/../lib/gcc/arm-none-eabi/4.5.2/../../../../arm-none-eabi/lib\libc.a(lib_a-errno.o)
 *fill*         0x4000009d        0x3 00
 .data          0x400000a0      0x430 c:/program files/codesourcery/sourcery g++ lite/bin/../lib/gcc/arm-none-eabi/4.5.2/../../../../arm-none-eabi/lib\libc.a(lib_a-impure.o)
                0x400000a0                _impure_ptr
 .data          0x400004d0        0x0 c:/program files/codesourcery/sourcery g++ lite/bin/../lib/gcc/arm-none-eabi/4.5.2/../../../../arm-none-eabi/lib\libc.a(lib_a-memcpy.o)
                0x400004d0                . = ALIGN (0x4)
                0x400004d0                _edata = .
                0x400004d0                PROVIDE (edata, .)

.bss            0x400004d0      0x524 load address 0x00005ef8
                0x400004d0                __bss_start = .
                0x400004d0                __bss_start__ = .
 *(.bss)
 .bss           0x400004d0        0x0 ads1247.o
 .bss           0x400004d0        0x0 main.o
 .bss           0x400004d0        0x0 startup.o
 .bss           0x400004d0        0x0 ad5422.o
 .bss           0x400004d0       0x24 mb.o
 .bss           0x400004f4        0x0 mbcrc.o
 .bss           0x400004f4        0x0 mbfuncholding.o
 .bss           0x400004f4        0xc mbrtu.o
 .bss           0x40000500        0x0 port.o
 .bss           0x40000500        0x2 portevent.o
 .bss           0x40000502        0x0 portserial.o
 .bss           0x40000502        0x0 porttimer.o
 .bss           0x40000502        0x0 mbutils.o
 *fill*         0x40000502        0x2 00
 .bss           0x40000504        0x8 ds18b20.o
 .bss           0x4000050c        0x0 armint.o
 .bss           0x4000050c      0x32c flash_nvol.o
 .bss           0x40000838        0x0 rtc.o
 .bss           0x40000838        0x0 c:/program files/codesourcery/sourcery g++ lite/bin/../lib/gcc/arm-none-eabi/4.5.2/../../../../arm-none-eabi/lib\libm.a(lib_a-w_sqrt.o)
 .bss           0x40000838        0x0 c:/program files/codesourcery/sourcery g++ lite/bin/../lib/gcc/arm-none-eabi/4.5.2/../../../../arm-none-eabi/lib\libm.a(lib_a-e_sqrt.o)
 .bss           0x40000838        0x0 c:/program files/codesourcery/sourcery g++ lite/bin/../lib/gcc/arm-none-eabi/4.5.2/../../../../arm-none-eabi/lib\libm.a(lib_a-s_fpclassify.o)
 .bss           0x40000838        0x0 c:/program files/codesourcery/sourcery g++ lite/bin/../lib/gcc/arm-none-eabi/4.5.2/../../../../arm-none-eabi/lib\libm.a(lib_a-s_lib_ver.o)
 .bss           0x40000838        0x0 c:/program files/codesourcery/sourcery g++ lite/bin/../lib/gcc/arm-none-eabi/4.5.2/../../../../arm-none-eabi/lib\libm.a(lib_a-s_matherr.o)
 .bss           0x40000838        0x0 c:/program files/codesourcery/sourcery g++ lite/bin/../lib/gcc/arm-none-eabi/4.5.2\libgcc.a(_udivsi3.o)
 .bss           0x40000838        0x0 c:/program files/codesourcery/sourcery g++ lite/bin/../lib/gcc/arm-none-eabi/4.5.2\libgcc.a(_dvmd_tls.o)
 .bss           0x40000838        0x0 c:/program files/codesourcery/sourcery g++ lite/bin/../lib/gcc/arm-none-eabi/4.5.2\libgcc.a(_arm_addsubdf3.o)
 .bss           0x40000838        0x0 c:/program files/codesourcery/sourcery g++ lite/bin/../lib/gcc/arm-none-eabi/4.5.2\libgcc.a(_arm_muldivdf3.o)
 .bss           0x40000838        0x0 c:/program files/codesourcery/sourcery g++ lite/bin/../lib/gcc/arm-none-eabi/4.5.2\libgcc.a(_arm_cmpdf2.o)
 .bss           0x40000838        0x0 c:/program files/codesourcery/sourcery g++ lite/bin/../lib/gcc/arm-none-eabi/4.5.2\libgcc.a(_arm_fixdfsi.o)
 .bss           0x40000838        0x0 c:/program files/codesourcery/sourcery g++ lite/bin/../lib/gcc/arm-none-eabi/4.5.2\libgcc.a(_arm_fixunsdfsi.o)
 .bss           0x40000838        0x0 c:/program files/codesourcery/sourcery g++ lite/bin/../lib/gcc/arm-none-eabi/4.5.2\libgcc.a(_arm_truncdfsf2.o)
 .bss           0x40000838        0x0 c:/program files/codesourcery/sourcery g++ lite/bin/../lib/gcc/arm-none-eabi/4.5.2\libgcc.a(_arm_addsubsf3.o)
 .bss           0x40000838        0x0 c:/program files/codesourcery/sourcery g++ lite/bin/../lib/gcc/arm-none-eabi/4.5.2\libgcc.a(_arm_muldivsf3.o)
 .bss           0x40000838        0x0 c:/program files/codesourcery/sourcery g++ lite/bin/../lib/gcc/arm-none-eabi/4.5.2\libgcc.a(_arm_cmpsf2.o)
 .bss           0x40000838        0x0 c:/program files/codesourcery/sourcery g++ lite/bin/../lib/gcc/arm-none-eabi/4.5.2\libgcc.a(_arm_fixsfsi.o)
 .bss           0x40000838        0x0 c:/program files/codesourcery/sourcery g++ lite/bin/../lib/gcc/arm-none-eabi/4.5.2/../../../../arm-none-eabi/lib\libc.a(lib_a-errno.o)
 .bss           0x40000838        0x0 c:/program files/codesourcery/sourcery g++ lite/bin/../lib/gcc/arm-none-eabi/4.5.2/../../../../arm-none-eabi/lib\libc.a(lib_a-impure.o)
 .bss           0x40000838        0x0 c:/program files/codesourcery/sourcery g++ lite/bin/../lib/gcc/arm-none-eabi/4.5.2/../../../../arm-none-eabi/lib\libc.a(lib_a-memcpy.o)
 *(COMMON)
 COMMON         0x40000838       0xa4 main.o
                0x40000838                usRegInputBuf
                0x4000089c                ch
 COMMON         0x400008dc       0x14 mb.o
                0x400008dc                pxMBFrameCBTransmitterEmpty
                0x400008e0                pxMBPortCBTimerExpired
                0x400008e4                pxMBFrameCBByteReceived
                0x400008e8                pxMBFrameCBTransmitFSMCur
                0x400008ec                pxMBFrameCBReceiveFSMCur
 COMMON         0x400008f0      0x100 mbrtu.o
                0x400008f0                ucRTUBuf
 COMMON         0x400009f0        0x4 port.o
                0x400009f0                VIC_Temp
                0x400009f4                . = ALIGN (0x4)
                0x400009f4                __bss_end__ = .
                0x400009f4                __bss_end__ = .
                0x400009f4                _end = .
                0x400009f4                PROVIDE (end, .)

.stab
 *(.stab)

.stabstr
 *(.stabstr)

.stab.excl
 *(.stab.excl)

.stab.exclstr
 *(.stab.exclstr)

.stab.index
 *(.stab.index)

.stab.indexstr
 *(.stab.indexstr)

.ARM.attributes
                0x00000000       0x30
 .ARM.attributes
                0x00000000       0x32 ads1247.o
 .ARM.attributes
                0x00000032       0x32 main.o
 .ARM.attributes
                0x00000064       0x22 startup.o
 .ARM.attributes
                0x00000086       0x32 ad5422.o
 .ARM.attributes
                0x000000b8       0x32 mb.o
 .ARM.attributes
                0x000000ea       0x32 mbcrc.o
 .ARM.attributes
                0x0000011c       0x32 mbfuncholding.o
 .ARM.attributes
                0x0000014e       0x32 mbrtu.o
 .ARM.attributes
                0x00000180       0x32 port.o
 .ARM.attributes
                0x000001b2       0x32 portevent.o
 .ARM.attributes
                0x000001e4       0x32 portserial.o
 .ARM.attributes
                0x00000216       0x32 porttimer.o
 .ARM.attributes
                0x00000248       0x32 mbutils.o
 .ARM.attributes
                0x0000027a       0x32 ds18b20.o
 .ARM.attributes
                0x000002ac       0x32 armint.o
 .ARM.attributes
                0x000002de       0x32 flash_nvol.o
 .ARM.attributes
                0x00000310       0x32 rtc.o
 .ARM.attributes
                0x00000342       0x34 c:/program files/codesourcery/sourcery g++ lite/bin/../lib/gcc/arm-none-eabi/4.5.2/../../../../arm-none-eabi/lib\libm.a(lib_a-w_sqrt.o)
 .ARM.attributes
                0x00000376       0x34 c:/program files/codesourcery/sourcery g++ lite/bin/../lib/gcc/arm-none-eabi/4.5.2/../../../../arm-none-eabi/lib\libm.a(lib_a-e_sqrt.o)
 .ARM.attributes
                0x000003aa       0x34 c:/program files/codesourcery/sourcery g++ lite/bin/../lib/gcc/arm-none-eabi/4.5.2/../../../../arm-none-eabi/lib\libm.a(lib_a-s_fpclassify.o)
 .ARM.attributes
                0x000003de       0x34 c:/program files/codesourcery/sourcery g++ lite/bin/../lib/gcc/arm-none-eabi/4.5.2/../../../../arm-none-eabi/lib\libm.a(lib_a-s_lib_ver.o)
 .ARM.attributes
                0x00000412       0x34 c:/program files/codesourcery/sourcery g++ lite/bin/../lib/gcc/arm-none-eabi/4.5.2/../../../../arm-none-eabi/lib\libm.a(lib_a-s_matherr.o)
 .ARM.attributes
                0x00000446       0x1a c:/program files/codesourcery/sourcery g++ lite/bin/../lib/gcc/arm-none-eabi/4.5.2\libgcc.a(_udivsi3.o)
 .ARM.attributes
                0x00000460       0x18 c:/program files/codesourcery/sourcery g++ lite/bin/../lib/gcc/arm-none-eabi/4.5.2\libgcc.a(_dvmd_tls.o)
 .ARM.attributes
                0x00000478       0x1a c:/program files/codesourcery/sourcery g++ lite/bin/../lib/gcc/arm-none-eabi/4.5.2\libgcc.a(_arm_addsubdf3.o)
 .ARM.attributes
                0x00000492       0x1a c:/program files/codesourcery/sourcery g++ lite/bin/../lib/gcc/arm-none-eabi/4.5.2\libgcc.a(_arm_muldivdf3.o)
 .ARM.attributes
                0x000004ac       0x1a c:/program files/codesourcery/sourcery g++ lite/bin/../lib/gcc/arm-none-eabi/4.5.2\libgcc.a(_arm_cmpdf2.o)
 .ARM.attributes
                0x000004c6       0x1a c:/program files/codesourcery/sourcery g++ lite/bin/../lib/gcc/arm-none-eabi/4.5.2\libgcc.a(_arm_fixdfsi.o)
 .ARM.attributes
                0x000004e0       0x1a c:/program files/codesourcery/sourcery g++ lite/bin/../lib/gcc/arm-none-eabi/4.5.2\libgcc.a(_arm_fixunsdfsi.o)
 .ARM.attributes
                0x000004fa       0x1a c:/program files/codesourcery/sourcery g++ lite/bin/../lib/gcc/arm-none-eabi/4.5.2\libgcc.a(_arm_truncdfsf2.o)
 .ARM.attributes
                0x00000514       0x1a c:/program files/codesourcery/sourcery g++ lite/bin/../lib/gcc/arm-none-eabi/4.5.2\libgcc.a(_arm_addsubsf3.o)
 .ARM.attributes
                0x0000052e       0x1a c:/program files/codesourcery/sourcery g++ lite/bin/../lib/gcc/arm-none-eabi/4.5.2\libgcc.a(_arm_muldivsf3.o)
 .ARM.attributes
                0x00000548       0x1a c:/program files/codesourcery/sourcery g++ lite/bin/../lib/gcc/arm-none-eabi/4.5.2\libgcc.a(_arm_cmpsf2.o)
 .ARM.attributes
                0x00000562       0x1a c:/program files/codesourcery/sourcery g++ lite/bin/../lib/gcc/arm-none-eabi/4.5.2\libgcc.a(_arm_fixsfsi.o)
 .ARM.attributes
                0x0000057c       0x34 c:/program files/codesourcery/sourcery g++ lite/bin/../lib/gcc/arm-none-eabi/4.5.2/../../../../arm-none-eabi/lib\libc.a(lib_a-errno.o)
 .ARM.attributes
                0x000005b0       0x34 c:/program files/codesourcery/sourcery g++ lite/bin/../lib/gcc/arm-none-eabi/4.5.2/../../../../arm-none-eabi/lib\libc.a(lib_a-impure.o)
 .ARM.attributes
                0x000005e4       0x34 c:/program files/codesourcery/sourcery g++ lite/bin/../lib/gcc/arm-none-eabi/4.5.2/../../../../arm-none-eabi/lib\libc.a(lib_a-memcpy.o)

.comment        0x00000000       0x2a
 *(.comment)
 .comment       0x00000000       0x2a ads1247.o
                                 0x2b (size before relaxing)
 .comment       0x00000000       0x2b main.o
 .comment       0x00000000       0x2b ad5422.o
 .comment       0x00000000       0x2b mb.o
 .comment       0x00000000       0x2b mbcrc.o
 .comment       0x00000000       0x2b mbfuncholding.o
 .comment       0x00000000       0x2b mbrtu.o
 .comment       0x00000000       0x2b port.o
 .comment       0x00000000       0x2b portevent.o
 .comment       0x00000000       0x2b portserial.o
 .comment       0x00000000       0x2b porttimer.o
 .comment       0x00000000       0x2b mbutils.o
 .comment       0x00000000       0x2b ds18b20.o
 .comment       0x00000000       0x2b armint.o
 .comment       0x00000000       0x2b flash_nvol.o
 .comment       0x00000000       0x2b rtc.o

.debug
 *(.debug)

.line
 *(.line)

.debug_srcinfo
 *(.debug_srcinfo)

.debug_sfnames
 *(.debug_sfnames)

.debug_aranges
 *(.debug_aranges)

.debug_pubnames
 *(.debug_pubnames)

.debug_info
 *(.debug_info .gnu.linkonce.wi.*)

.debug_abbrev
 *(.debug_abbrev)

.debug_line
 *(.debug_line)

.debug_frame    0x00000000      0x124
 *(.debug_frame)
 .debug_frame   0x00000000       0x38 c:/program files/codesourcery/sourcery g++ lite/bin/../lib/gcc/arm-none-eabi/4.5.2/../../../../arm-none-eabi/lib\libm.a(lib_a-w_sqrt.o)
 .debug_frame   0x00000038       0x34 c:/program files/codesourcery/sourcery g++ lite/bin/../lib/gcc/arm-none-eabi/4.5.2/../../../../arm-none-eabi/lib\libm.a(lib_a-e_sqrt.o)
 .debug_frame   0x0000006c       0x28 c:/program files/codesourcery/sourcery g++ lite/bin/../lib/gcc/arm-none-eabi/4.5.2/../../../../arm-none-eabi/lib\libm.a(lib_a-s_fpclassify.o)
 .debug_frame   0x00000094       0x20 c:/program files/codesourcery/sourcery g++ lite/bin/../lib/gcc/arm-none-eabi/4.5.2/../../../../arm-none-eabi/lib\libm.a(lib_a-s_matherr.o)
 .debug_frame   0x000000b4       0x20 c:/program files/codesourcery/sourcery g++ lite/bin/../lib/gcc/arm-none-eabi/4.5.2\libgcc.a(_udivsi3.o)
 .debug_frame   0x000000d4       0x20 c:/program files/codesourcery/sourcery g++ lite/bin/../lib/gcc/arm-none-eabi/4.5.2/../../../../arm-none-eabi/lib\libc.a(lib_a-errno.o)
 .debug_frame   0x000000f4       0x30 c:/program files/codesourcery/sourcery g++ lite/bin/../lib/gcc/arm-none-eabi/4.5.2/../../../../arm-none-eabi/lib\libc.a(lib_a-memcpy.o)

.debug_str
 *(.debug_str)

.debug_loc
 *(.debug_loc)

.debug_macinfo
 *(.debug_macinfo)

.debug_weaknames
 *(.debug_weaknames)

.debug_funcnames
 *(.debug_funcnames)

.debug_typenames
 *(.debug_typenames)

.debug_varnames
 *(.debug_varnames)
OUTPUT(TML.elf elf32-littlearm)
